Archive member included to satisfy reference by file (symbol)

C:\Users\rodri\Documents\LPCXpresso_8.2.2_650\projeto2\CMSISv2p00_LPC17xx\Debug\libCMSISv2p00_LPC17xx.a(system_LPC17xx.o)
                              ./cr_startup_lpc17.o (SystemInit)
C:\Users\rodri\Documents\LPCXpresso_8.2.2_650\projeto2\FreeRTOS_Library\Debug\libFreeRTOS_Library.a(port.o)
                              ./cr_startup_lpc17.o (vPortSVCHandler)
C:\Users\rodri\Documents\LPCXpresso_8.2.2_650\projeto2\FreeRTOS_Library\Debug\libFreeRTOS_Library.a(basic_io.o)
                              ./main.o (vPrintString)
C:\Users\rodri\Documents\LPCXpresso_8.2.2_650\projeto2\FreeRTOS_Library\Debug\libFreeRTOS_Library.a(consoleprint.o)
                              C:\Users\rodri\Documents\LPCXpresso_8.2.2_650\projeto2\FreeRTOS_Library\Debug\libFreeRTOS_Library.a(basic_io.o) (consoleprint)
C:\Users\rodri\Documents\LPCXpresso_8.2.2_650\projeto2\FreeRTOS_Library\Debug\libFreeRTOS_Library.a(queue.o)
                              ./main.o (xQueueCreate)
C:\Users\rodri\Documents\LPCXpresso_8.2.2_650\projeto2\FreeRTOS_Library\Debug\libFreeRTOS_Library.a(tasks.o)
                              ./main.o (xTaskGenericCreate)
C:\Users\rodri\Documents\LPCXpresso_8.2.2_650\projeto2\FreeRTOS_Library\Debug\libFreeRTOS_Library.a(heap_2.o)
                              C:\Users\rodri\Documents\LPCXpresso_8.2.2_650\projeto2\FreeRTOS_Library\Debug\libFreeRTOS_Library.a(queue.o) (pvPortMalloc)
C:\Users\rodri\Documents\LPCXpresso_8.2.2_650\projeto2\FreeRTOS_Library\Debug\libFreeRTOS_Library.a(list.o)
                              C:\Users\rodri\Documents\LPCXpresso_8.2.2_650\projeto2\FreeRTOS_Library\Debug\libFreeRTOS_Library.a(queue.o) (vListInitialise)
C:\Users\rodri\Documents\LPCXpresso_8.2.2_650\projeto2\Lib_EaBaseBoard\Debug\libLib_EaBaseBoard.a(light.o)
                              ./main.o (light_init)
C:\Users\rodri\Documents\LPCXpresso_8.2.2_650\projeto2\Lib_EaBaseBoard\Debug\libLib_EaBaseBoard.a(oled.o)
                              ./main.o (oled_init)
C:\Users\rodri\Documents\LPCXpresso_8.2.2_650\projeto2\Lib_EaBaseBoard\Debug\libLib_EaBaseBoard.a(rgb.o)
                              ./main.o (rgb_init)
C:\Users\rodri\Documents\LPCXpresso_8.2.2_650\projeto2\Lib_EaBaseBoard\Debug\libLib_EaBaseBoard.a(rotary.o)
                              ./main.o (rotary_init)
C:\Users\rodri\Documents\LPCXpresso_8.2.2_650\projeto2\Lib_EaBaseBoard\Debug\libLib_EaBaseBoard.a(font5x7.o)
                              C:\Users\rodri\Documents\LPCXpresso_8.2.2_650\projeto2\Lib_EaBaseBoard\Debug\libLib_EaBaseBoard.a(oled.o) (font5x7)
C:\Users\rodri\Documents\LPCXpresso_8.2.2_650\projeto2\Lib_MCU\Debug\libLib_MCU.a(lpc17xx_adc.o)
                              ./main.o (ADC_Init)
C:\Users\rodri\Documents\LPCXpresso_8.2.2_650\projeto2\Lib_MCU\Debug\libLib_MCU.a(lpc17xx_clkpwr.o)
                              C:\Users\rodri\Documents\LPCXpresso_8.2.2_650\projeto2\Lib_MCU\Debug\libLib_MCU.a(lpc17xx_adc.o) (CLKPWR_GetPCLK)
C:\Users\rodri\Documents\LPCXpresso_8.2.2_650\projeto2\Lib_MCU\Debug\libLib_MCU.a(lpc17xx_gpio.o)
                              C:\Users\rodri\Documents\LPCXpresso_8.2.2_650\projeto2\Lib_EaBaseBoard\Debug\libLib_EaBaseBoard.a(oled.o) (GPIO_SetDir)
C:\Users\rodri\Documents\LPCXpresso_8.2.2_650\projeto2\Lib_MCU\Debug\libLib_MCU.a(lpc17xx_i2c.o)
                              ./main.o (I2C_Init)
C:\Users\rodri\Documents\LPCXpresso_8.2.2_650\projeto2\Lib_MCU\Debug\libLib_MCU.a(lpc17xx_libcfg_default.o)
                              C:\Users\rodri\Documents\LPCXpresso_8.2.2_650\projeto2\Lib_MCU\Debug\libLib_MCU.a(lpc17xx_adc.o) (check_failed)
C:\Users\rodri\Documents\LPCXpresso_8.2.2_650\projeto2\Lib_MCU\Debug\libLib_MCU.a(lpc17xx_pinsel.o)
                              ./main.o (PINSEL_ConfigPin)
C:\Users\rodri\Documents\LPCXpresso_8.2.2_650\projeto2\Lib_MCU\Debug\libLib_MCU.a(lpc17xx_ssp.o)
                              ./main.o (SSP_Init)
c:/nxp/lpcxpresso_8.2.2_650/lpcxpresso/tools/bin/../lib/gcc/arm-none-eabi/5.4.1/../../../../arm-none-eabi/lib/armv7-m\libcr_semihost.a(__sys_write.o)
                              C:\Users\rodri\Documents\LPCXpresso_8.2.2_650\projeto2\FreeRTOS_Library\Debug\libFreeRTOS_Library.a(consoleprint.o) (__write)
c:/nxp/lpcxpresso_8.2.2_650/lpcxpresso/tools/bin/../lib/gcc/arm-none-eabi/5.4.1/../../../../arm-none-eabi/lib/armv7-m\libcr_semihost.a(_cr__main.o)
                              ./cr_startup_lpc17.o (__main)
c:/nxp/lpcxpresso_8.2.2_650/lpcxpresso/tools/bin/../lib/gcc/arm-none-eabi/5.4.1/../../../../arm-none-eabi/lib/armv7-m\libcr_c.a(memcpy.o)
                              C:\Users\rodri\Documents\LPCXpresso_8.2.2_650\projeto2\FreeRTOS_Library\Debug\libFreeRTOS_Library.a(queue.o) (memcpy)
c:/nxp/lpcxpresso_8.2.2_650/lpcxpresso/tools/bin/../lib/gcc/arm-none-eabi/5.4.1/../../../../arm-none-eabi/lib/armv7-m\libcr_c.a(memset.o)
[...]
Memory Configuration

Name             Origin             Length             Attributes
MFlash512        0x00000000         0x00080000         xr
RamLoc32         0x10000000         0x00008000         xrw
RamAHB32         0x2007c000         0x00008000         xrw
*default*        0x00000000         0xffffffff

Linker script and memory map

LOAD ./cr_startup_lpc17.o
LOAD ./main.o
LOAD C:\Users\rodri\Documents\LPCXpresso_8.2.2_650\projeto2\CMSISv2p00_LPC17xx\Debug\libCMSISv2p00_LPC17xx.a
LOAD C:\Users\rodri\Documents\LPCXpresso_8.2.2_650\projeto2\FreeRTOS_Library\Debug\libFreeRTOS_Library.a
LOAD C:\Users\rodri\Documents\LPCXpresso_8.2.2_650\projeto2\Lib_EaBaseBoard\Debug\libLib_EaBaseBoard.a
LOAD C:\Users\rodri\Documents\LPCXpresso_8.2.2_650\projeto2\Lib_MCU\Debug\libLib_MCU.a
START GROUP
LOAD c:/nxp/lpcxpresso_8.2.2_650/lpcxpresso/tools/bin/../lib/gcc/arm-none-eabi/5.4.1/../../../../arm-none-eabi/lib/armv7-m\libcr_semihost.a
LOAD c:/nxp/lpcxpresso_8.2.2_650/lpcxpresso/tools/bin/../lib/gcc/arm-none-eabi/5.4.1/../../../../arm-none-eabi/lib/armv7-m\libcr_c.a
LOAD c:/nxp/lpcxpresso_8.2.2_650/lpcxpresso/tools/bin/../lib/gcc/arm-none-eabi/5.4.1/armv7-m\libcr_eabihelpers.a
END GROUP
                0x00000000                __base_MFlash512 = 0x0
                0x00000000                __base_Flash = 0x0
                0x00080000                __top_MFlash512 = 0x80000
                0x00080000                __top_Flash = 0x80000
                0x10000000                __base_RamLoc32 = 0x10000000
                0x10000000                __base_RAM = 0x10000000
                0x10008000                __top_RamLoc32 = 0x10008000
                0x10008000                __top_RAM = 0x10008000
                0x2007c000                __base_RamAHB32 = 0x2007c000
                0x2007c000                __base_RAM2 = 0x2007c000
                0x20084000                __top_RamAHB32 = 0x20084000
                0x20084000                __top_RAM2 = 0x20084000

.text           0x00000000     0x6a10
 FILL mask 0xff
                0x00000000                __vectors_start__ = ABSOLUTE (.)
 *(.isr_vector)
 .isr_vector    0x00000000       0xcc ./cr_startup_lpc17.o
                0x00000000                g_pfnVectors
                0x000000cc                . = ALIGN (0x4)
                0x000000cc                __section_table_start = .
                0x000000cc                __data_section_table = .
                0x000000cc        0x4 LONG 0x6a10 LOADADDR (.data)
                0x000000d0        0x4 LONG 0x10000000 ADDR (.data)
                0x000000d4        0x4 LONG 0x20 SIZEOF (.data)
                0x000000d8        0x4 LONG 0x6a10 LOADADDR (.data_RAM2)
                0x000000dc        0x4 LONG 0x2007c000 ADDR (.data_RAM2)
                0x000000e0        0x4 LONG 0x0 SIZEOF (.data_RAM2)
                0x000000e4                __data_section_table_end = .
                0x000000e4                __bss_section_table = .
                0x000000e4        0x4 LONG 0x10000020 ADDR (.bss)
                0x000000e8        0x4 LONG 0x2de8 SIZEOF (.bss)
                0x000000ec        0x4 LONG 0x2007c000 ADDR (.bss_RAM2)
                0x000000f0        0x4 LONG 0x0 SIZEOF (.bss_RAM2)
                0x000000f4                __bss_section_table_end = .
                0x000000f4                __section_table_end = .
 *(.after_vectors*)
 *(.text*)
 .text.ResetISR
                0x000000f4       0x58 ./cr_startup_lpc17.o
                0x000000f4                ResetISR
 .text.NMI_Handler
                0x0000014c        0x8 ./cr_startup_lpc17.o
                0x0000014c                NMI_Handler
 .text.HardFault_Handler
                0x00000154        0x8 ./cr_startup_lpc17.o
                0x00000154                HardFault_Handler
 .text.MemManage_Handler
                0x0000015c        0x8 ./cr_startup_lpc17.o
                0x0000015c                MemManage_Handler
 .text.BusFault_Handler
                0x00000164        0x8 ./cr_startup_lpc17.o
                0x00000164                BusFault_Handler
 .text.UsageFault_Handler
                0x0000016c        0x8 ./cr_startup_lpc17.o
                0x0000016c                UsageFault_Handler
 .text.DebugMon_Handler
                0x00000174        0x8 ./cr_startup_lpc17.o
                0x00000174                DebugMon_Handler
 .text.IntDefaultHandler
                0x0000017c        0x8 ./cr_startup_lpc17.o
                0x0000017c                TIMER2_IRQHandler
                0x0000017c                RIT_IRQHandler
                0x0000017c                I2C0_IRQHandler
                0x0000017c                USBActivity_IRQHandler
                0x0000017c                PWM1_IRQHandler
                0x0000017c                I2C1_IRQHandler
                0x0000017c                EINT2_IRQHandler
                0x0000017c                UART1_IRQHandler
                0x0000017c                EINT3_IRQHandler
                0x0000017c                CANActivity_IRQHandler
                0x0000017c                TIMER3_IRQHandler
                0x0000017c                UART0_IRQHandler
                0x0000017c                IntDefaultHandler
                0x0000017c                PLL0_IRQHandler
                0x0000017c                CAN_IRQHandler
                0x0000017c                PLL1_IRQHandler
                0x0000017c                SSP0_IRQHandler
                0x0000017c                I2S_IRQHandler
                0x0000017c                I2C2_IRQHandler
                0x0000017c                RTC_IRQHandler
                0x0000017c                TIMER0_IRQHandler
                0x0000017c                SPI_IRQHandler
                0x0000017c                EINT1_IRQHandler
                0x0000017c                TIMER1_IRQHandler
                0x0000017c                UART2_IRQHandler
                0x0000017c                ADC_IRQHandler
                0x0000017c                SSP1_IRQHandler
                0x0000017c                USB_IRQHandler
                0x0000017c                BOD_IRQHandler
                0x0000017c                WDT_IRQHandler
                0x0000017c                QEI_IRQHandler
                0x0000017c                EINT0_IRQHandler
                0x0000017c                DMA_IRQHandler
                0x0000017c                UART3_IRQHandler
                0x0000017c                MCPWM_IRQHandler
                0x0000017c                ENET_IRQHandler
 .text.init_ssp
                0x00000184       0x78 ./main.o
 .text.init_i2c
                0x000001fc       0x48 ./main.o
 .text.init_adc
                0x00000244       0x50 ./main.o
 .text.intToString
                0x00000294       0xcc ./main.o
 .text.main     0x00000360       0xe8 ./main.o
                0x00000360                main
 .text.lightSensor
                0x00000448       0x38 ./main.o
 .text.trimpot  0x00000480       0x5c ./main.o
 *fill*         0x000004dc        0x4 ff
 .text.vReceiver
                0x000004e0       0xe4 ./main.o
 .text.vApplicationMallocFailedHook
                0x000005c4        0x8 ./main.o
                0x000005c4                vApplicationMallocFailedHook
 .text.vApplicationStackOverflowHook
                0x000005cc        0xc ./main.o
                0x000005cc                vApplicationStackOverflowHook
 .text.vApplicationIdleHook
                0x000005d8        0xc ./main.o
                0x000005d8                vApplicationIdleHook
 .text.vApplicationTickHook
                0x000005e4        0xc ./main.o
                0x000005e4                vApplicationTickHook
 .text.SystemInit
                0x000005f0       0xe4 C:\Users\rodri\Documents\LPCXpresso_8.2.2_650\projeto2\CMSISv2p00_LPC17xx\Debug\libCMSISv2p00_LPC17xx.a(system_LPC17xx.o)
                0x000005f0                SystemInit
 .text          0x000006d4      0x130 C:\Users\rodri\Documents\LPCXpresso_8.2.2_650\projeto2\FreeRTOS_Library\Debug\libFreeRTOS_Library.a(port.o)
                0x000006d4                pxPortInitialiseStack
                0x000006f0                vPortSVCHandler
                0x00000710                vPortStartFirstTask
                0x00000720                xPortStartScheduler
                0x0000075c                vPortEndScheduler
                0x00000760                vPortYieldFromISR
                0x00000770                vPortEnterCritical
                0x00000788                vPortExitCritical
                0x000007a0                xPortPendSVHandler
                0x000007dc                xPortSysTickHandler
 .text          0x00000804       0x50 C:\Users\rodri\Documents\LPCXpresso_8.2.2_650\projeto2\FreeRTOS_Library\Debug\libFreeRTOS_Library.a(basic_io.o)
                0x00000804                vPrintString
                0x00000828                vPrintStringAndNumber
 .text          0x00000854       0x14 C:\Users\rodri\Documents\LPCXpresso_8.2.2_650\projeto2\FreeRTOS_Library\Debug\libFreeRTOS_Library.a(consoleprint.o)
                0x00000854                consoleprint
 .text          0x00000868      0x4a0 C:\Users\rodri\Documents\LPCXpresso_8.2.2_650\projeto2\FreeRTOS_Library\Debug\libFreeRTOS_Library.a(queue.o)
                0x00000964                xQueueCreate
                0x000009c8                xQueueCreateCountingSemaphore
                0x000009dc                xQueueGenericSend
                0x00000ab8                xQueueCreateMutex
                0x00000afc                xQueueGenericSendFromISR
                0x00000b54                xQueueGenericReceive
                0x00000c64                xQueueReceiveFromISR
                0x00000cc0                uxQueueMessagesWaiting
                0x00000cd4                uxQueueMessagesWaitingFromISR
                0x00000cd8                vQueueDelete
                0x00000cec                xQueueIsQueueEmptyFromISR
                0x00000cf8                xQueueIsQueueFullFromISR
 .text          0x00000d08      0xa8c C:\Users\rodri\Documents\LPCXpresso_8.2.2_650\projeto2\FreeRTOS_Library\Debug\libFreeRTOS_Library.a(tasks.o)
                0x00000d08                xTaskGenericCreate
                0x00000ea0                vTaskDelete
                0x00000f08                uxTaskPriorityGet
                0x00000f24                vTaskPrioritySet
                0x00000fbc                xTaskIsTaskSuspended
                0x00000fe0                vTaskResume
                0x00001044                xTaskResumeFromISR
                0x000010b4                vTaskStartScheduler
                0x000010fc                vTaskEndScheduler
                0x00001118                vTaskSuspendAll
                0x0000112c                xTaskGetTickCount
                0x00001144                xTaskGetTickCountFromISR
                0x00001150                uxTaskGetNumberOfTasks
                0x0000115c                vTaskIncrementTick
                0x00001210                xTaskResumeAll
                0x000012e4                vTaskDelayUntil
                0x00001364                vTaskDelay
                0x00001410                vTaskSwitchContext
                0x000014d0                vTaskSuspend
                0x00001578                vTaskPlaceOnEventList
                0x000015d0                xTaskRemoveFromEventList
                0x00001644                vTaskSetTimeOutState
                0x00001658                xTaskCheckForTimeOut
                0x000016bc                vTaskMissedYield
                0x000016cc                xTaskGetCurrentTaskHandle
                0x000016d8                vTaskPriorityInherit
                0x00001748                vTaskPriorityDisinherit
 .text          0x00001794      0x124 C:\Users\rodri\Documents\LPCXpresso_8.2.2_650\projeto2\FreeRTOS_Library\Debug\libFreeRTOS_Library.a(heap_2.o)
                0x00001794                pvPortMalloc
                0x00001864                vPortFree
                0x000018a8                xPortGetFreeHeapSize
                0x000018b4                vPortInitialiseBlocks
 .text          0x000018b8       0x9c C:\Users\rodri\Documents\LPCXpresso_8.2.2_650\projeto2\FreeRTOS_Library\Debug\libFreeRTOS_Library.a(list.o)
                0x000018b8                vListInitialise
                0x000018d0                vListInitialiseItem
                0x000018d8                vListInsertEnd
                0x000018f4                vListInsert
                0x00001930                vListRemove
 .text.I2CRead  0x00001954       0x50 C:\Users\rodri\Documents\LPCXpresso_8.2.2_650\projeto2\Lib_EaBaseBoard\Debug\libLib_EaBaseBoard.a(light.o)
 .text.I2CWrite
                0x000019a4       0x50 C:\Users\rodri\Documents\LPCXpresso_8.2.2_650\projeto2\Lib_EaBaseBoard\Debug\libLib_EaBaseBoard.a(light.o)
 .text.readControlReg
                0x000019f4       0x2c C:\Users\rodri\Documents\LPCXpresso_8.2.2_650\projeto2\Lib_EaBaseBoard\Debug\libLib_EaBaseBoard.a(light.o)
 .text.light_init
                0x00001a20        0xc C:\Users\rodri\Documents\LPCXpresso_8.2.2_650\projeto2\Lib_EaBaseBoard\Debug\libLib_EaBaseBoard.a(light.o)
                0x00001a20                light_init
 .text.light_enable
                0x00001a2c       0x3c C:\Users\rodri\Documents\LPCXpresso_8.2.2_650\projeto2\Lib_EaBaseBoard\Debug\libLib_EaBaseBoard.a(light.o)
                0x00001a2c                light_enable
 .text.light_read
                0x00001a68       0x74 C:\Users\rodri\Documents\LPCXpresso_8.2.2_650\projeto2\Lib_EaBaseBoard\Debug\libLib_EaBaseBoard.a(light.o)
                0x00001a68                light_read
 .text.light_setRange
                0x00001adc       0x90 C:\Users\rodri\Documents\LPCXpresso_8.2.2_650\projeto2\Lib_EaBaseBoard\Debug\libLib_EaBaseBoard.a(light.o)
                0x00001adc                light_setRange
 .text.writeCommand
                0x00001b6c       0x48 C:\Users\rodri\Documents\LPCXpresso_8.2.2_650\projeto2\Lib_EaBaseBoard\Debug\libLib_EaBaseBoard.a(oled.o)
 .text.writeData
                0x00001bb4       0x48 C:\Users\rodri\Documents\LPCXpresso_8.2.2_650\projeto2\Lib_EaBaseBoard\Debug\libLib_EaBaseBoard.a(oled.o)
 .text.writeDataLen
                0x00001bfc       0x78 C:\Users\rodri\Documents\LPCXpresso_8.2.2_650\projeto2\Lib_EaBaseBoard\Debug\libLib_EaBaseBoard.a(oled.o)
 .text.runInitSequence
                0x00001c74       0xd4 C:\Users\rodri\Documents\LPCXpresso_8.2.2_650\projeto2\Lib_EaBaseBoard\Debug\libLib_EaBaseBoard.a(oled.o)
 .text.hLine    0x00001d48       0x58 C:\Users\rodri\Documents\LPCXpresso_8.2.2_650\projeto2\Lib_EaBaseBoard\Debug\libLib_EaBaseBoard.a(oled.o)
 .text.vLine    0x00001da0       0x58 C:\Users\rodri\Documents\LPCXpresso_8.2.2_650\projeto2\Lib_EaBaseBoard\Debug\libLib_EaBaseBoard.a(oled.o)
 .text.oled_init
                0x00001df8       0x74 C:\Users\rodri\Documents\LPCXpresso_8.2.2_650\projeto2\Lib_EaBaseBoard\Debug\libLib_EaBaseBoard.a(oled.o)
                0x00001df8                oled_init
 .text.oled_putPixel
                0x00001e6c      0x150 C:\Users\rodri\Documents\LPCXpresso_8.2.2_650\projeto2\Lib_EaBaseBoard\Debug\libLib_EaBaseBoard.a(oled.o)
                0x00001e6c                oled_putPixel
 .text.oled_fillRect
                0x00001fbc       0xa0 C:\Users\rodri\Documents\LPCXpresso_8.2.2_650\projeto2\Lib_EaBaseBoard\Debug\libLib_EaBaseBoard.a(oled.o)
                0x00001fbc                oled_fillRect
 .text.oled_clearScreen
                0x0000205c       0x64 C:\Users\rodri\Documents\LPCXpresso_8.2.2_650\projeto2\Lib_EaBaseBoard\Debug\libLib_EaBaseBoard.a(oled.o)
                0x0000205c                oled_clearScreen
 .text.oled_putChar
                0x000020c0       0xd8 C:\Users\rodri\Documents\LPCXpresso_8.2.2_650\projeto2\Lib_EaBaseBoard\Debug\libLib_EaBaseBoard.a(oled.o)
                0x000020c0                oled_putChar
 .text.oled_putString
                0x00002198       0x54 C:\Users\rodri\Documents\LPCXpresso_8.2.2_650\projeto2\Lib_EaBaseBoard\Debug\libLib_EaBaseBoard.a(oled.o)
                0x00002198                oled_putString
 .text.rgb_init
                0x000021ec       0x28 C:\Users\rodri\Documents\LPCXpresso_8.2.2_650\projeto2\Lib_EaBaseBoard\Debug\libLib_EaBaseBoard.a(rgb.o)
                0x000021ec                rgb_init
 .text.rgb_setLeds
                0x00002214       0x6c C:\Users\rodri\Documents\LPCXpresso_8.2.2_650\projeto2\Lib_EaBaseBoard\Debug\libLib_EaBaseBoard.a(rgb.o)
                0x00002214                rgb_setLeds
 .text.rotary_init
                0x00002280       0x14 C:\Users\rodri\Documents\LPCXpresso_8.2.2_650\projeto2\Lib_EaBaseBoard\Debug\libLib_EaBaseBoard.a(rotary.o)
                0x00002280                rotary_init
 .text.ADC_Init
                0x00002294       0x78 C:\Users\rodri\Documents\LPCXpresso_8.2.2_650\projeto2\Lib_MCU\Debug\libLib_MCU.a(lpc17xx_adc.o)
                0x00002294                ADC_Init
 .text.ADC_StartCmd
                0x0000230c       0x80 C:\Users\rodri\Documents\LPCXpresso_8.2.2_650\projeto2\Lib_MCU\Debug\libLib_MCU.a(lpc17xx_adc.o)
                0x0000230c                ADC_StartCmd
 .text.ADC_IntConfig
                0x0000238c       0x9c C:\Users\rodri\Documents\LPCXpresso_8.2.2_650\projeto2\Lib_MCU\Debug\libLib_MCU.a(lpc17xx_adc.o)
                0x0000238c                ADC_IntConfig
 .text.ADC_ChannelCmd
                0x00002428       0x60 C:\Users\rodri\Documents\LPCXpresso_8.2.2_650\projeto2\Lib_MCU\Debug\libLib_MCU.a(lpc17xx_adc.o)
                0x00002428                ADC_ChannelCmd
 .text.ADC_ChannelGetData
                0x00002488       0x48 C:\Users\rodri\Documents\LPCXpresso_8.2.2_650\projeto2\Lib_MCU\Debug\libLib_MCU.a(lpc17xx_adc.o)
                0x00002488                ADC_ChannelGetData
 .text.ADC_ChannelGetStatus
                0x000024d0       0x7c C:\Users\rodri\Documents\LPCXpresso_8.2.2_650\projeto2\Lib_MCU\Debug\libLib_MCU.a(lpc17xx_adc.o)
                0x000024d0                ADC_ChannelGetStatus
 .text.CLKPWR_SetPCLKDiv
                0x0000254c       0x8c C:\Users\rodri\Documents\LPCXpresso_8.2.2_650\projeto2\Lib_MCU\Debug\libLib_MCU.a(lpc17xx_clkpwr.o)
                0x0000254c                CLKPWR_SetPCLKDiv
 .text.CLKPWR_GetPCLKSEL
                0x000025d8       0x48 C:\Users\rodri\Documents\LPCXpresso_8.2.2_650\projeto2\Lib_MCU\Debug\libLib_MCU.a(lpc17xx_clkpwr.o)
                0x000025d8                CLKPWR_GetPCLKSEL
 .text.CLKPWR_GetPCLK
                0x00002620       0x64 C:\Users\rodri\Documents\LPCXpresso_8.2.2_650\projeto2\Lib_MCU\Debug\libLib_MCU.a(lpc17xx_clkpwr.o)
                0x00002620                CLKPWR_GetPCLK
 .text.CLKPWR_ConfigPPWR
                0x00002684       0x58 C:\Users\rodri\Documents\LPCXpresso_8.2.2_650\projeto2\Lib_MCU\Debug\libLib_MCU.a(lpc17xx_clkpwr.o)
                0x00002684                CLKPWR_ConfigPPWR
 .text.GPIO_GetPointer
                0x000026dc       0x70 C:\Users\rodri\Documents\LPCXpresso_8.2.2_650\projeto2\Lib_MCU\Debug\libLib_MCU.a(lpc17xx_gpio.o)
 .text.GPIO_SetDir
                0x0000274c       0x4c C:\Users\rodri\Documents\LPCXpresso_8.2.2_650\projeto2\Lib_MCU\Debug\libLib_MCU.a(lpc17xx_gpio.o)
                0x0000274c                GPIO_SetDir
 .text.GPIO_SetValue
                0x00002798       0x2c C:\Users\rodri\Documents\LPCXpresso_8.2.2_650\projeto2\Lib_MCU\Debug\libLib_MCU.a(lpc17xx_gpio.o)
                0x00002798                GPIO_SetValue
 .text.GPIO_ClearValue
                0x000027c4       0x2c C:\Users\rodri\Documents\LPCXpresso_8.2.2_650\projeto2\Lib_MCU\Debug\libLib_MCU.a(lpc17xx_gpio.o)
                0x000027c4                GPIO_ClearValue
 .text.NVIC_EnableIRQ
                0x000027f0       0x30 C:\Users\rodri\Documents\LPCXpresso_8.2.2_650\projeto2\Lib_MCU\Debug\libLib_MCU.a(lpc17xx_i2c.o)
 .text.NVIC_DisableIRQ
                0x00002820       0x34 C:\Users\rodri\Documents\LPCXpresso_8.2.2_650\projeto2\Lib_MCU\Debug\libLib_MCU.a(lpc17xx_i2c.o)
 .text.I2C_getNum
                0x00002854       0x48 C:\Users\rodri\Documents\LPCXpresso_8.2.2_650\projeto2\Lib_MCU\Debug\libLib_MCU.a(lpc17xx_i2c.o)
 .text.I2C_Start
                0x0000289c       0x3c C:\Users\rodri\Documents\LPCXpresso_8.2.2_650\projeto2\Lib_MCU\Debug\libLib_MCU.a(lpc17xx_i2c.o)
 .text.I2C_Stop
                0x000028d8       0x30 C:\Users\rodri\Documents\LPCXpresso_8.2.2_650\projeto2\Lib_MCU\Debug\libLib_MCU.a(lpc17xx_i2c.o)
 .text.I2C_SendByte
                0x00002908       0x4c C:\Users\rodri\Documents\LPCXpresso_8.2.2_650\projeto2\Lib_MCU\Debug\libLib_MCU.a(lpc17xx_i2c.o)
 .text.I2C_GetByte
                0x00002954       0x54 C:\Users\rodri\Documents\LPCXpresso_8.2.2_650\projeto2\Lib_MCU\Debug\libLib_MCU.a(lpc17xx_i2c.o)
 .text.I2C_IntCmd
                0x000029a8       0x88 C:\Users\rodri\Documents\LPCXpresso_8.2.2_650\projeto2\Lib_MCU\Debug\libLib_MCU.a(lpc17xx_i2c.o)
                0x000029a8                I2C_IntCmd
 .text.I2C_MasterHandler
                0x00002a30      0x3a0 C:\Users\rodri\Documents\LPCXpresso_8.2.2_650\projeto2\Lib_MCU\Debug\libLib_MCU.a(lpc17xx_i2c.o)
                0x00002a30                I2C_MasterHandler
 .text.I2C_SetClock
                0x00002dd0       0xa4 C:\Users\rodri\Documents\LPCXpresso_8.2.2_650\projeto2\Lib_MCU\Debug\libLib_MCU.a(lpc17xx_i2c.o)
                0x00002dd0                I2C_SetClock
 .text.I2C_Init
                0x00002e74       0xa4 C:\Users\rodri\Documents\LPCXpresso_8.2.2_650\projeto2\Lib_MCU\Debug\libLib_MCU.a(lpc17xx_i2c.o)
                0x00002e74                I2C_Init
 .text.I2C_Cmd  0x00002f18       0x70 C:\Users\rodri\Documents\LPCXpresso_8.2.2_650\projeto2\Lib_MCU\Debug\libLib_MCU.a(lpc17xx_i2c.o)
                0x00002f18                I2C_Cmd
 .text.I2C_MasterTransferData
                0x00002f88      0x2f8 C:\Users\rodri\Documents\LPCXpresso_8.2.2_650\projeto2\Lib_MCU\Debug\libLib_MCU.a(lpc17xx_i2c.o)
                0x00002f88                I2C_MasterTransferData
 .text.check_failed
                0x00003280        0xc C:\Users\rodri\Documents\LPCXpresso_8.2.2_650\projeto2\Lib_MCU\Debug\libLib_MCU.a(lpc17xx_libcfg_default.o)
                0x00003280                check_failed
 .text.PINSEL_SetPinFunc
                0x0000328c       0x84 C:\Users\rodri\Documents\LPCXpresso_8.2.2_650\projeto2\Lib_MCU\Debug\libLib_MCU.a(lpc17xx_pinsel.o)
                0x0000328c                PINSEL_SetPinFunc
 .text.PINSEL_SetResistorMode
                0x00003310       0x84 C:\Users\rodri\Documents\LPCXpresso_8.2.2_650\projeto2\Lib_MCU\Debug\libLib_MCU.a(lpc17xx_pinsel.o)
                0x00003310                PINSEL_SetResistorMode
 .text.PINSEL_SetOpenDrainMode
                0x00003394       0x6c C:\Users\rodri\Documents\LPCXpresso_8.2.2_650\projeto2\Lib_MCU\Debug\libLib_MCU.a(lpc17xx_pinsel.o)
                0x00003394                PINSEL_SetOpenDrainMode
 .text.PINSEL_ConfigPin
                0x00003400       0x48 C:\Users\rodri\Documents\LPCXpresso_8.2.2_650\projeto2\Lib_MCU\Debug\libLib_MCU.a(lpc17xx_pinsel.o)
                0x00003400                PINSEL_ConfigPin
 .text.SSP_getNum
                0x00003448       0x38 C:\Users\rodri\Documents\LPCXpresso_8.2.2_650\projeto2\Lib_MCU\Debug\libLib_MCU.a(lpc17xx_ssp.o)
 .text.SSP_IntHandler
                0x00003480      0x2cc C:\Users\rodri\Documents\LPCXpresso_8.2.2_650\projeto2\Lib_MCU\Debug\libLib_MCU.a(lpc17xx_ssp.o)
                0x00003480                SSP_IntHandler
 .text.SSP_SetClock
                0x0000374c       0xc4 C:\Users\rodri\Documents\LPCXpresso_8.2.2_650\projeto2\Lib_MCU\Debug\libLib_MCU.a(lpc17xx_ssp.o)
                0x0000374c                SSP_SetClock
 .text.SSP_Init
                0x00003810       0xd8 C:\Users\rodri\Documents\LPCXpresso_8.2.2_650\projeto2\Lib_MCU\Debug\libLib_MCU.a(lpc17xx_ssp.o)
                0x00003810                SSP_Init
 .text.SSP_ConfigStructInit
                0x000038e8       0x3c C:\Users\rodri\Documents\LPCXpresso_8.2.2_650\projeto2\Lib_MCU\Debug\libLib_MCU.a(lpc17xx_ssp.o)
                0x000038e8                SSP_ConfigStructInit
 .text.SSP_Cmd  0x00003924       0x70 C:\Users\rodri\Documents\LPCXpresso_8.2.2_650\projeto2\Lib_MCU\Debug\libLib_MCU.a(lpc17xx_ssp.o)
                0x00003924                SSP_Cmd
 .text.SSP_SendData
                0x00003994       0x40 C:\Users\rodri\Documents\LPCXpresso_8.2.2_650\projeto2\Lib_MCU\Debug\libLib_MCU.a(lpc17xx_ssp.o)
                0x00003994                SSP_SendData
 .text.SSP_ReceiveData
                0x000039d4       0x3c C:\Users\rodri\Documents\LPCXpresso_8.2.2_650\projeto2\Lib_MCU\Debug\libLib_MCU.a(lpc17xx_ssp.o)
                0x000039d4                SSP_ReceiveData
 .text.SSP_ReadWrite
                0x00003a10      0x3c0 C:\Users\rodri\Documents\LPCXpresso_8.2.2_650\projeto2\Lib_MCU\Debug\libLib_MCU.a(lpc17xx_ssp.o)
                0x00003a10                SSP_ReadWrite
 .text.__sys_write
                0x00003dd0        0xc c:/nxp/lpcxpresso_8.2.2_650/lpcxpresso/tools/bin/../lib/gcc/arm-none-eabi/5.4.1/../../../../arm-none-eabi/lib/armv7-m\libcr_semihost.a(__sys_write.o)
                0x00003dd0                __sys_write
                0x00003dd0                __write
 .text.__main   0x00003ddc       0x14 c:/nxp/lpcxpresso_8.2.2_650/lpcxpresso/tools/bin/../lib/gcc/arm-none-eabi/5.4.1/../../../../arm-none-eabi/lib/armv7-m\libcr_semihost.a(_cr__main.o)
                0x00003ddc                __CR_SEMIHOST
                0x00003ddc                __main
 .text.memcpy   0x00003df0        0x4 c:/nxp/lpcxpresso_8.2.2_650/lpcxpresso/tools/bin/../lib/gcc/arm-none-eabi/5.4.1/../../../../arm-none-eabi/lib/armv7-m\libcr_c.a(memcpy.o)
                0x00003df0                memcpy
 .text.memset   0x00003df4        0x4 c:/nxp/lpcxpresso_8.2.2_650/lpcxpresso/tools/bin/../lib/gcc/arm-none-eabi/5.4.1/../../../../arm-none-eabi/lib/armv7-m\libcr_c.a(memset.o)
                0x00003df4                memset
 .text.fp_round
                0x00003df8       0x4c c:/nxp/lpcxpresso_8.2.2_650/lpcxpresso/tools/bin/../lib/gcc/arm-none-eabi/5.4.1/../../../../arm-none-eabi/lib/armv7-m\libcr_c.a(fpprintf.o)
 .text.pr_dec.constprop.1
                0x00003e44       0x26 c:/nxp/lpcxpresso_8.2.2_650/lpcxpresso/tools/bin/../lib/gcc/arm-none-eabi/5.4.1/../../../../arm-none-eabi/lib/armv7-m\libcr_c.a(fpprintf.o)
 *fill*         0x00003e6a        0x2 ff
 .text.sprintf  0x00003e6c       0x6c c:/nxp/lpcxpresso_8.2.2_650/lpcxpresso/tools/bin/../lib/gcc/arm-none-eabi/5.4.1/../../../../arm-none-eabi/lib/armv7-m\libcr_c.a(fpprintf.o)
                0x00003e6c                sprintf
 .text.fp_display
                0x00003ed8      0x8ec c:/nxp/lpcxpresso_8.2.2_650/lpcxpresso/tools/bin/../lib/gcc/arm-none-eabi/5.4.1/../../../../arm-none-eabi/lib/armv7-m\libcr_c.a(fpprintf.o)
 .text._initio  0x000047c4       0xa4 c:/nxp/lpcxpresso_8.2.2_650/lpcxpresso/tools/bin/../lib/gcc/arm-none-eabi/5.4.1/../../../../arm-none-eabi/lib/armv7-m\libcr_c.a(initio.o)
                0x000047c4                _initio
 .text.memcmp   0x00004868       0x42 c:/nxp/lpcxpresso_8.2.2_650/lpcxpresso/tools/bin/../lib/gcc/arm-none-eabi/5.4.1/../../../../arm-none-eabi/lib/armv7-m\libcr_c.a(memcmp.o)
                0x00004868                memcmp
 *fill*         0x000048aa        0x2 ff
 .text.__vfprintf
                0x000048ac      0xd28 c:/nxp/lpcxpresso_8.2.2_650/lpcxpresso/tools/bin/../lib/gcc/arm-none-eabi/5.4.1/../../../../arm-none-eabi/lib/armv7-m\libcr_c.a(printf.o)
                0x000048ac                __vfprintf
 .text.setvbuf  0x000055d4       0x40 c:/nxp/lpcxpresso_8.2.2_650/lpcxpresso/tools/bin/../lib/gcc/arm-none-eabi/5.4.1/../../../../arm-none-eabi/lib/armv7-m\libcr_c.a(setvbuf.o)
                0x000055d4                setvbuf
 .text.strcpy   0x00005614       0x42 c:/nxp/lpcxpresso_8.2.2_650/lpcxpresso/tools/bin/../lib/gcc/arm-none-eabi/5.4.1/../../../../arm-none-eabi/lib/armv7-m\libcr_c.a(strcpy.o)
                0x00005614                strcpy
 .text.strlen   0x00005656       0x4a c:/nxp/lpcxpresso_8.2.2_650/lpcxpresso/tools/bin/../lib/gcc/arm-none-eabi/5.4.1/../../../../arm-none-eabi/lib/armv7-m\libcr_c.a(strlen.o)
                0x00005656                strlen
 .text.strncpy  0x000056a0       0x56 c:/nxp/lpcxpresso_8.2.2_650/lpcxpresso/tools/bin/../lib/gcc/arm-none-eabi/5.4.1/../../../../arm-none-eabi/lib/armv7-m\libcr_c.a(strncpy.o)
                0x000056a0                strncpy
 .text._deferredlazyseek
                0x000056f6       0x44 c:/nxp/lpcxpresso_8.2.2_650/lpcxpresso/tools/bin/../lib/gcc/arm-none-eabi/5.4.1/../../../../arm-none-eabi/lib/armv7-m\libcr_c.a(_deferredlazyseek.o)
                0x000056f6                _deferredlazyseek
 .text.__flsbuf
                0x0000573a      0x140 c:/nxp/lpcxpresso_8.2.2_650/lpcxpresso/tools/bin/../lib/gcc/arm-none-eabi/5.4.1/../../../../arm-none-eabi/lib/armv7-m\libcr_c.a(_deferredlazyseek.o)
                0x0000573a                __flsbuf
 .text._fdopen  0x0000587a       0x6a c:/nxp/lpcxpresso_8.2.2_650/lpcxpresso/tools/bin/../lib/gcc/arm-none-eabi/5.4.1/../../../../arm-none-eabi/lib/armv7-m\libcr_c.a(_fdopen.o)
                0x0000587a                _fdopen
 .text._fflush  0x000058e4       0x58 c:/nxp/lpcxpresso_8.2.2_650/lpcxpresso/tools/bin/../lib/gcc/arm-none-eabi/5.4.1/../../../../arm-none-eabi/lib/armv7-m\libcr_c.a(_fflush.o)
                0x000058e4                _fflush
 .text._frexpl  0x0000593c       0x5a c:/nxp/lpcxpresso_8.2.2_650/lpcxpresso/tools/bin/../lib/gcc/arm-none-eabi/5.4.1/../../../../arm-none-eabi/lib/armv7-m\libcr_c.a(_frexpl.o)
                0x0000593c                _frexpl
 *fill*         0x00005996        0x2 ff
 .text._ldexpl  0x00005998       0x4c c:/nxp/lpcxpresso_8.2.2_650/lpcxpresso/tools/bin/../lib/gcc/arm-none-eabi/5.4.1/../../../../arm-none-eabi/lib/armv7-m\libcr_c.a(_ldexpl.o)
                0x00005998                _ldexpl
 .text._Cwritebuf
                0x000059e4       0x68 c:/nxp/lpcxpresso_8.2.2_650/lpcxpresso/tools/bin/../lib/gcc/arm-none-eabi/5.4.1/../../../../arm-none-eabi/lib/armv7-m\libcr_c.a(_writebuf.o)
                0x000059e4                _Cwritebuf
 .text.malloc   0x00005a4c       0xc8 c:/nxp/lpcxpresso_8.2.2_650/lpcxpresso/tools/bin/../lib/gcc/arm-none-eabi/5.4.1/../../../../arm-none-eabi/lib/armv7-m\libcr_c.a(alloc.o)
                0x00005a4c                malloc
 .text.free     0x00005b14       0x30 c:/nxp/lpcxpresso_8.2.2_650/lpcxpresso/tools/bin/../lib/gcc/arm-none-eabi/5.4.1/../../../../arm-none-eabi/lib/armv7-m\libcr_c.a(alloc.o)
                0x00005b14                free
 .text._Csys_alloc
                0x00005b44       0x20 c:/nxp/lpcxpresso_8.2.2_650/lpcxpresso/tools/bin/../lib/gcc/arm-none-eabi/5.4.1/../../../../arm-none-eabi/lib/armv7-m\libcr_c.a(alloc.o)
                0x00005b44                _Csys_alloc
 .text.fclose   0x00005b64       0x6c c:/nxp/lpcxpresso_8.2.2_650/lpcxpresso/tools/bin/../lib/gcc/arm-none-eabi/5.4.1/../../../../arm-none-eabi/lib/armv7-m\libcr_c.a(fclose.o)
                0x00005b64                fclose
 .text.fflush   0x00005bd0       0x30 c:/nxp/lpcxpresso_8.2.2_650/lpcxpresso/tools/bin/../lib/gcc/arm-none-eabi/5.4.1/../../../../arm-none-eabi/lib/armv7-m\libcr_c.a(fflush.o)
                0x00005bd0                fflush
 .text.fseek    0x00005c00      0x110 c:/nxp/lpcxpresso_8.2.2_650/lpcxpresso/tools/bin/../lib/gcc/arm-none-eabi/5.4.1/../../../../arm-none-eabi/lib/armv7-m\libcr_c.a(fseek.o)
                0x00005c00                fseek
 .text.ftell    0x00005d10       0x4c c:/nxp/lpcxpresso_8.2.2_650/lpcxpresso/tools/bin/../lib/gcc/arm-none-eabi/5.4.1/../../../../arm-none-eabi/lib/armv7-m\libcr_c.a(ftell.o)
                0x00005d10                ftell
 .text.remove   0x00005d5c       0x14 c:/nxp/lpcxpresso_8.2.2_650/lpcxpresso/tools/bin/../lib/gcc/arm-none-eabi/5.4.1/../../../../arm-none-eabi/lib/armv7-m\libcr_c.a(remove.o)
                0x00005d5c                remove
 .text._sbrk    0x00005d70       0x40 c:/nxp/lpcxpresso_8.2.2_650/lpcxpresso/tools/bin/../lib/gcc/arm-none-eabi/5.4.1/../../../../arm-none-eabi/lib/armv7-m\libcr_c.a(_cr_sbrk.o)
                0x00005d70                _sbrk
 .text._do_fflush
                0x00005db0       0x44 c:/nxp/lpcxpresso_8.2.2_650/lpcxpresso/tools/bin/../lib/gcc/arm-none-eabi/5.4.1/../../../../arm-none-eabi/lib/armv7-m\libcr_c.a(_do_fflush.o)
                0x00005db0                _do_fflush
 .text.__check_heap_overflow
                0x00005df4       0x18 c:/nxp/lpcxpresso_8.2.2_650/lpcxpresso/tools/bin/../lib/gcc/arm-none-eabi/5.4.1/../../../../arm-none-eabi/lib/armv7-m\libcr_c.a(_cr_check_heap.o)
                0x00005df4                __check_heap_overflow
 .text.__aeabi_dmul
                0x00005e0c      0x110 c:/nxp/lpcxpresso_8.2.2_650/lpcxpresso/tools/bin/../lib/gcc/arm-none-eabi/5.4.1/armv7-m\libcr_eabihelpers.a(double.o)
                0x00005e0c                __aeabi_dmul
 .text.__aeabi_ddiv
                0x00005f1c      0x138 c:/nxp/lpcxpresso_8.2.2_650/lpcxpresso/tools/bin/../lib/gcc/arm-none-eabi/5.4.1/armv7-m\libcr_eabihelpers.a(double.o)
                0x00005f1c                __aeabi_ddiv
 .text.__aeabi_dsub
                0x00006054      0x1a0 c:/nxp/lpcxpresso_8.2.2_650/lpcxpresso/tools/bin/../lib/gcc/arm-none-eabi/5.4.1/armv7-m\libcr_eabihelpers.a(double.o)
                0x00006054                __aeabi_dsub
 .text.__aeabi_dadd
                0x000061f4      0x10c c:/nxp/lpcxpresso_8.2.2_650/lpcxpresso/tools/bin/../lib/gcc/arm-none-eabi/5.4.1/armv7-m\libcr_eabihelpers.a(double.o)
                0x000061f4                __aeabi_dadd
 .text.__aeabi_d2iz
                0x00006300       0x40 c:/nxp/lpcxpresso_8.2.2_650/lpcxpresso/tools/bin/../lib/gcc/arm-none-eabi/5.4.1/armv7-m\libcr_eabihelpers.a(double.o)
                0x00006300                __aeabi_d2iz
 .text.__bhs_ui2d
                0x00006340       0x46 c:/nxp/lpcxpresso_8.2.2_650/lpcxpresso/tools/bin/../lib/gcc/arm-none-eabi/5.4.1/armv7-m\libcr_eabihelpers.a(double.o)
                0x00006340                __bhs_ui2d
 .text.__aeabi_i2d
                0x00006386       0x10 c:/nxp/lpcxpresso_8.2.2_650/lpcxpresso/tools/bin/../lib/gcc/arm-none-eabi/5.4.1/armv7-m\libcr_eabihelpers.a(double.o)
                0x00006386                __aeabi_i2d
 .text.__aeabi_ui2d
                0x00006396        0x8 c:/nxp/lpcxpresso_8.2.2_650/lpcxpresso/tools/bin/../lib/gcc/arm-none-eabi/5.4.1/armv7-m\libcr_eabihelpers.a(double.o)
                0x00006396                __aeabi_ui2d
 .text.__aeabi_dcmpeq
                0x0000639e       0x2c c:/nxp/lpcxpresso_8.2.2_650/lpcxpresso/tools/bin/../lib/gcc/arm-none-eabi/5.4.1/armv7-m\libcr_eabihelpers.a(double.o)
                0x0000639e                __aeabi_dcmpeq
 .text.__aeabi_dcmplt
                0x000063ca       0x54 c:/nxp/lpcxpresso_8.2.2_650/lpcxpresso/tools/bin/../lib/gcc/arm-none-eabi/5.4.1/armv7-m\libcr_eabihelpers.a(double.o)
                0x000063ca                __aeabi_dcmplt
 .text.__aeabi_dcmple
                0x0000641e       0x54 c:/nxp/lpcxpresso_8.2.2_650/lpcxpresso/tools/bin/../lib/gcc/arm-none-eabi/5.4.1/armv7-m\libcr_eabihelpers.a(double.o)
                0x0000641e                __aeabi_dcmple
 .text.__aeabi_dcmpge
                0x00006472       0x54 c:/nxp/lpcxpresso_8.2.2_650/lpcxpresso/tools/bin/../lib/gcc/arm-none-eabi/5.4.1/armv7-m\libcr_eabihelpers.a(double.o)
                0x00006472                __aeabi_dcmpge
 .text.__aeabi_memcpy
                0x000064c6       0x34 c:/nxp/lpcxpresso_8.2.2_650/lpcxpresso/tools/bin/../lib/gcc/arm-none-eabi/5.4.1/armv7-m\libcr_eabihelpers.a(memcpy.o)
                0x000064c6                __aeabi_memcpy
                0x000064d0                __aeabi_memcpy8
                0x000064d0                __aeabi_memcpy4
 .text.__aeabi_memset_lowlevel
                0x000064fa       0x32 c:/nxp/lpcxpresso_8.2.2_650/lpcxpresso/tools/bin/../lib/gcc/arm-none-eabi/5.4.1/armv7-m\libcr_eabihelpers.a(memcpy.o)
                0x000064fa                __aeabi_lowlevel_memset
 .text.__sys_appexit
                0x0000652c        0xc c:/nxp/lpcxpresso_8.2.2_650/lpcxpresso/tools/bin/../lib/gcc/arm-none-eabi/5.4.1/../../../../arm-none-eabi/lib/armv7-m\libcr_semihost.a(__sys_appexit.o)
                0x0000652c                __sys_appexit
                0x0000652c                __exit
 .text.__sys_close
                0x00006538        0xc c:/nxp/lpcxpresso_8.2.2_650/lpcxpresso/tools/bin/../lib/gcc/arm-none-eabi/5.4.1/../../../../arm-none-eabi/lib/armv7-m\libcr_semihost.a(__sys_close.o)
                0x00006538                __sys_close
 .text.__sys_flen
                0x00006544        0xc c:/nxp/lpcxpresso_8.2.2_650/lpcxpresso/tools/bin/../lib/gcc/arm-none-eabi/5.4.1/../../../../arm-none-eabi/lib/armv7-m\libcr_semihost.a(__sys_flen.o)
                0x00006544                __sys_flen
 .text.__sys_istty
                0x00006550        0xc c:/nxp/lpcxpresso_8.2.2_650/lpcxpresso/tools/bin/../lib/gcc/arm-none-eabi/5.4.1/../../../../arm-none-eabi/lib/armv7-m\libcr_semihost.a(__sys_istty.o)
                0x00006550                __sys_istty
 .text.__sys_remove
                0x0000655c        0xc c:/nxp/lpcxpresso_8.2.2_650/lpcxpresso/tools/bin/../lib/gcc/arm-none-eabi/5.4.1/../../../../arm-none-eabi/lib/armv7-m\libcr_semihost.a(__sys_remove.o)
                0x0000655c                __sys_remove
 .text.__sys_seek
                0x00006568        0xc c:/nxp/lpcxpresso_8.2.2_650/lpcxpresso/tools/bin/../lib/gcc/arm-none-eabi/5.4.1/../../../../arm-none-eabi/lib/armv7-m\libcr_semihost.a(__sys_seek.o)
                0x00006568                __sys_seek
 .text.__sys_tmpnam
                0x00006574        0xc c:/nxp/lpcxpresso_8.2.2_650/lpcxpresso/tools/bin/../lib/gcc/arm-none-eabi/5.4.1/../../../../arm-none-eabi/lib/armv7-m\libcr_semihost.a(__sys_tmpnam.o)
                0x00006574                __sys_tmpnam
 *(.rodata .rodata.* .constdata .constdata.*)
 .rodata        0x00006580       0x8d ./main.o
 *fill*         0x0000660d        0x3 ff
 .rodata.str1.4
                0x00006610        0x8 C:\Users\rodri\Documents\LPCXpresso_8.2.2_650\projeto2\FreeRTOS_Library\Debug\libFreeRTOS_Library.a(basic_io.o)
 .rodata        0x00006618       0x14 C:\Users\rodri\Documents\LPCXpresso_8.2.2_650\projeto2\FreeRTOS_Library\Debug\libFreeRTOS_Library.a(tasks.o)
 .rodata.str1.4
                0x0000662c        0x8 C:\Users\rodri\Documents\LPCXpresso_8.2.2_650\projeto2\FreeRTOS_Library\Debug\libFreeRTOS_Library.a(tasks.o)
                                  0x5 (size before relaxing)
 .rodata        0x00006634        0x8 C:\Users\rodri\Documents\LPCXpresso_8.2.2_650\projeto2\Lib_EaBaseBoard\Debug\libLib_EaBaseBoard.a(oled.o)
 .rodata        0x0000663c      0x300 C:\Users\rodri\Documents\LPCXpresso_8.2.2_650\projeto2\Lib_EaBaseBoard\Debug\libLib_EaBaseBoard.a(font5x7.o)
                0x0000663c                font5x7
 .rodata        0x0000693c       0x15 C:\Users\rodri\Documents\LPCXpresso_8.2.2_650\projeto2\Lib_MCU\Debug\libLib_MCU.a(lpc17xx_adc.o)
 *fill*         0x00006951        0x3 ff
 .rodata        0x00006954       0x15 C:\Users\rodri\Documents\LPCXpresso_8.2.2_650\projeto2\Lib_MCU\Debug\libLib_MCU.a(lpc17xx_i2c.o)
 *fill*         0x00006969        0x3 ff
 .rodata        0x0000696c       0x15 C:\Users\rodri\Documents\LPCXpresso_8.2.2_650\projeto2\Lib_MCU\Debug\libLib_MCU.a(lpc17xx_ssp.o)
 .rodata.str1.1
                0x00006981       0x34 c:/nxp/lpcxpresso_8.2.2_650/lpcxpresso/tools/bin/../lib/gcc/arm-none-eabi/5.4.1/../../../../arm-none-eabi/lib/armv7-m\libcr_c.a(fpprintf.o)
                                 0x35 (size before relaxing)
 .rodata.str1.1
                0x000069b5        0x4 c:/nxp/lpcxpresso_8.2.2_650/lpcxpresso/tools/bin/../lib/gcc/arm-none-eabi/5.4.1/../../../../arm-none-eabi/lib/armv7-m\libcr_c.a(initio.o)
 .rodata.str1.1
                0x000069b9       0x31 c:/nxp/lpcxpresso_8.2.2_650/lpcxpresso/tools/bin/../lib/gcc/arm-none-eabi/5.4.1/../../../../arm-none-eabi/lib/armv7-m\libcr_c.a(printf.o)
                                 0x38 (size before relaxing)
 .rodata.str1.1
                0x000069ea       0x18 c:/nxp/lpcxpresso_8.2.2_650/lpcxpresso/tools/bin/../lib/gcc/arm-none-eabi/5.4.1/../../../../arm-none-eabi/lib/armv7-m\libcr_c.a(alloc.o)
 *fill*         0x00006a02        0x6 ff
 .rodata.__huge_vall
                0x00006a08        0x8 c:/nxp/lpcxpresso_8.2.2_650/lpcxpresso/tools/bin/../lib/gcc/arm-none-eabi/5.4.1/../../../../arm-none-eabi/lib/armv7-m\libcr_c.a(_hugeval.o)
                0x00006a08                __huge_vall
                0x00006a10                . = ALIGN (0x4)

.glue_7         0x00006a10        0x0
 .glue_7        0x00006a10        0x0 linker stubs

.glue_7t        0x00006a10        0x0
 .glue_7t       0x00006a10        0x0 linker stubs

.vfp11_veneer   0x00006a10        0x0
 .vfp11_veneer  0x00006a10        0x0 linker stubs

.v4_bx          0x00006a10        0x0
 .v4_bx         0x00006a10        0x0 linker stubs

.iplt           0x00006a10        0x0
 .iplt          0x00006a10        0x0 ./cr_startup_lpc17.o

.rel.dyn        0x00006a10        0x0
 .rel.iplt      0x00006a10        0x0 ./cr_startup_lpc17.o

.ARM.extab
 *(.ARM.extab* .gnu.linkonce.armextab.*)
                0x00006a10                __exidx_start = .

.ARM.exidx
 *(.ARM.exidx* .gnu.linkonce.armexidx.*)
                0x00006a10                __exidx_end = .
                0x00006a10                _etext = .

.data_RAM2      0x2007c000        0x0 load address 0x00006a10
 FILL mask 0xff
                [!provide]                PROVIDE (__start_data_RAM2, .)
 *(.ramfunc.$RAM2)
 *(.ramfunc.$RamAHB32)
 *(.data.$RAM2*)
 *(.data.$RamAHB32*)
                0x2007c000                . = ALIGN (0x4)
                [!provide]                PROVIDE (__end_data_RAM2, .)

.uninit_RESERVED
                0x10000000        0x0
 *(.bss.$RESERVED*)
                0x10000000                . = ALIGN (0x4)
                0x10000000                _end_uninit_RESERVED = .

.data           0x10000000       0x20 load address 0x00006a10
 FILL mask 0xff
                0x10000000                _data = .
 *(vtable)
 *(.ramfunc*)
 *(.data*)
 .data          0x10000000        0xc ./main.o
                0x10000000                valor1
                0x10000004                valor2
 .data.SystemCoreClock
                0x1000000c        0x4 C:\Users\rodri\Documents\LPCXpresso_8.2.2_650\projeto2\CMSISv2p00_LPC17xx\Debug\libCMSISv2p00_LPC17xx.a(system_LPC17xx.o)
                0x1000000c                SystemCoreClock
 .data          0x10000010        0x4 C:\Users\rodri\Documents\LPCXpresso_8.2.2_650\projeto2\FreeRTOS_Library\Debug\libFreeRTOS_Library.a(port.o)
 .data          0x10000014        0x4 C:\Users\rodri\Documents\LPCXpresso_8.2.2_650\projeto2\FreeRTOS_Library\Debug\libFreeRTOS_Library.a(heap_2.o)
 .data          0x10000018        0x8 C:\Users\rodri\Documents\LPCXpresso_8.2.2_650\projeto2\Lib_EaBaseBoard\Debug\libLib_EaBaseBoard.a(light.o)
                0x10000020                . = ALIGN (0x4)
                0x10000020                _edata = .

.igot.plt       0x10000020        0x0 load address 0x00006a30
 .igot.plt      0x10000020        0x0 ./cr_startup_lpc17.o

.bss_RAM2       0x2007c000        0x0
                [!provide]                PROVIDE (__start_bss_RAM2, .)
 *(.bss.$RAM2*)
 *(.bss.$RamAHB32*)
                0x2007c000                . = ALIGN ((. != 0x0)?0x4:0x1)
                [!provide]                PROVIDE (__end_bss_RAM2, .)

.bss            0x10000020     0x2de8
                0x10000020                _bss = .
 *(.bss*)
 .bss           0x10000020        0xa ./main.o
 *fill*         0x1000002a        0x2 
 .bss           0x1000002c       0x32 C:\Users\rodri\Documents\LPCXpresso_8.2.2_650\projeto2\FreeRTOS_Library\Debug\libFreeRTOS_Library.a(basic_io.o)
 *fill*         0x1000005e        0x2 
 .bss           0x10000060      0x100 C:\Users\rodri\Documents\LPCXpresso_8.2.2_650\projeto2\FreeRTOS_Library\Debug\libFreeRTOS_Library.a(tasks.o)
                0x10000064                pxCurrentTCB
 .bss           0x10000160     0x2818 C:\Users\rodri\Documents\LPCXpresso_8.2.2_650\projeto2\FreeRTOS_Library\Debug\libFreeRTOS_Library.a(heap_2.o)
 .bss           0x10002978      0x300 C:\Users\rodri\Documents\LPCXpresso_8.2.2_650\projeto2\Lib_EaBaseBoard\Debug\libLib_EaBaseBoard.a(oled.o)
 .bss           0x10002c78       0x24 C:\Users\rodri\Documents\LPCXpresso_8.2.2_650\projeto2\Lib_MCU\Debug\libLib_MCU.a(lpc17xx_i2c.o)
 .bss           0x10002c9c       0x18 C:\Users\rodri\Documents\LPCXpresso_8.2.2_650\projeto2\Lib_MCU\Debug\libLib_MCU.a(lpc17xx_ssp.o)
 .bss._extra    0x10002cb4        0x4 c:/nxp/lpcxpresso_8.2.2_650/lpcxpresso/tools/bin/../lib/gcc/arm-none-eabi/5.4.1/../../../../arm-none-eabi/lib/armv7-m\libcr_c.a(initio.o)
                0x10002cb4                _extra
 .bss.__Ciob    0x10002cb8      0x140 c:/nxp/lpcxpresso_8.2.2_650/lpcxpresso/tools/bin/../lib/gcc/arm-none-eabi/5.4.1/../../../../arm-none-eabi/lib/armv7-m\libcr_c.a(stdio.o)
                0x10002cb8                __Ciob
 .bss.errno     0x10002df8        0x4 c:/nxp/lpcxpresso_8.2.2_650/lpcxpresso/tools/bin/../lib/gcc/arm-none-eabi/5.4.1/../../../../arm-none-eabi/lib/armv7-m\libcr_c.a(errno.o)
                0x10002df8                errno
 .bss.__heaps   0x10002dfc        0x4 c:/nxp/lpcxpresso_8.2.2_650/lpcxpresso/tools/bin/../lib/gcc/arm-none-eabi/5.4.1/../../../../arm-none-eabi/lib/armv7-m\libcr_c.a(__init_alloc.o)
                0x10002dfc                __heaps
 .bss.__end_of_heap
                0x10002e00        0x4 c:/nxp/lpcxpresso_8.2.2_650/lpcxpresso/tools/bin/../lib/gcc/arm-none-eabi/5.4.1/../../../../arm-none-eabi/lib/armv7-m\libcr_c.a(__init_alloc.o)
                0x10002e00                __end_of_heap
 *(COMMON)
 COMMON         0x10002e04        0x4 ./main.o
                0x10002e04                xQueue
                0x10002e08                . = ALIGN (0x4)
                0x10002e08                _ebss = .
                [!provide]                PROVIDE (end, .)

.noinit_RAM2    0x2007c000        0x0
 *(.noinit.$RAM2*)
 *(.noinit.$RamAHB32*)
                0x2007c000                . = ALIGN (0x4)

.noinit         0x10002e08        0x0
                0x10002e08                _noinit = .
 *(.noinit*)
                0x10002e08                . = ALIGN (0x4)
                0x10002e08                _end_noinit = .
                0x10002e08                PROVIDE (_pvHeapStart, DEFINED (__user_heap_base)?__user_heap_base:.)
                0x10008000                PROVIDE (_vStackTop, DEFINED (__user_stack_top)?__user_stack_top:(__top_RamLoc32 - 0x0))
                [!provide]                PROVIDE (__valid_user_code_checksum, (0x0 - ((((((_vStackTop + (ResetISR + 0x1)) + (NMI_Handler + 0x1)) + (HardFault_Handler + 0x1)) + (DEFINED (MemManage_Handler)?MemManage_Handler:0x0 + 0x1)) + (DEFINED (BusFault_Handler)?BusFault_Handler:0x0 + 0x1)) + (DEFINED (UsageFault_Handler)?UsageFault_Handler:0x0 + 0x1))))
OUTPUT(Example07.axf elf32-littlearm)

.debug_info     0x00000000     0x7c48
 .debug_info    0x00000000      0x1bd ./cr_startup_lpc17.o
 .debug_info    0x000001bd      0x7b7 ./main.o
 .debug_info    0x00000974      0x318 C:\Users\rodri\Documents\LPCXpresso_8.2.2_650\projeto2\CMSISv2p00_LPC17xx\Debug\libCMSISv2p00_LPC17xx.a(system_LPC17xx.o)
 .debug_info    0x00000c8c      0x21d C:\Users\rodri\Documents\LPCXpresso_8.2.2_650\projeto2\FreeRTOS_Library\Debug\libFreeRTOS_Library.a(port.o)
 .debug_info    0x00000ea9      0x1f2 C:\Users\rodri\Documents\LPCXpresso_8.2.2_650\projeto2\FreeRTOS_Library\Debug\libFreeRTOS_Library.a(basic_io.o)
 .debug_info    0x0000109b       0xe5 C:\Users\rodri\Documents\LPCXpresso_8.2.2_650\projeto2\FreeRTOS_Library\Debug\libFreeRTOS_Library.a(consoleprint.o)
 .debug_info    0x00001180      0xcfe C:\Users\rodri\Documents\LPCXpresso_8.2.2_650\projeto2\FreeRTOS_Library\Debug\libFreeRTOS_Library.a(queue.o)
 .debug_info    0x00001e7e     0x1585 C:\Users\rodri\Documents\LPCXpresso_8.2.2_650\projeto2\FreeRTOS_Library\Debug\libFreeRTOS_Library.a(tasks.o)
 .debug_info    0x00003403      0x346 C:\Users\rodri\Documents\LPCXpresso_8.2.2_650\projeto2\FreeRTOS_Library\Debug\libFreeRTOS_Library.a(heap_2.o)
 .debug_info    0x00003749      0x2a2 C:\Users\rodri\Documents\LPCXpresso_8.2.2_650\projeto2\FreeRTOS_Library\Debug\libFreeRTOS_Library.a(list.o)
 .debug_info    0x000039eb      0x706 C:\Users\rodri\Documents\LPCXpresso_8.2.2_650\projeto2\Lib_EaBaseBoard\Debug\libLib_EaBaseBoard.a(light.o)
 .debug_info    0x000040f1      0x920 C:\Users\rodri\Documents\LPCXpresso_8.2.2_650\projeto2\Lib_EaBaseBoard\Debug\libLib_EaBaseBoard.a(oled.o)
 .debug_info    0x00004a11       0xda C:\Users\rodri\Documents\LPCXpresso_8.2.2_650\projeto2\Lib_EaBaseBoard\Debug\libLib_EaBaseBoard.a(rgb.o)
 .debug_info    0x00004aeb       0xf8 C:\Users\rodri\Documents\LPCXpresso_8.2.2_650\projeto2\Lib_EaBaseBoard\Debug\libLib_EaBaseBoard.a(rotary.o)
 .debug_info    0x00004be3       0x61 C:\Users\rodri\Documents\LPCXpresso_8.2.2_650\projeto2\Lib_EaBaseBoard\Debug\libLib_EaBaseBoard.a(font5x7.o)
 .debug_info    0x00004c44      0x5e5 C:\Users\rodri\Documents\LPCXpresso_8.2.2_650\projeto2\Lib_MCU\Debug\libLib_MCU.a(lpc17xx_adc.o)
 .debug_info    0x00005229      0x638 C:\Users\rodri\Documents\LPCXpresso_8.2.2_650\projeto2\Lib_MCU\Debug\libLib_MCU.a(lpc17xx_clkpwr.o)
 .debug_info    0x00005861      0xad4 C:\Users\rodri\Documents\LPCXpresso_8.2.2_650\projeto2\Lib_MCU\Debug\libLib_MCU.a(lpc17xx_gpio.o)
 .debug_info    0x00006335      0xc14 C:\Users\rodri\Documents\LPCXpresso_8.2.2_650\projeto2\Lib_MCU\Debug\libLib_MCU.a(lpc17xx_i2c.o)
 .debug_info    0x00006f49       0xc5 C:\Users\rodri\Documents\LPCXpresso_8.2.2_650\projeto2\Lib_MCU\Debug\libLib_MCU.a(lpc17xx_libcfg_default.o)
 .debug_info    0x0000700e      0x459 C:\Users\rodri\Documents\LPCXpresso_8.2.2_650\projeto2\Lib_MCU\Debug\libLib_MCU.a(lpc17xx_pinsel.o)
 .debug_info    0x00007467      0x7e1 C:\Users\rodri\Documents\LPCXpresso_8.2.2_650\projeto2\Lib_MCU\Debug\libLib_MCU.a(lpc17xx_ssp.o)

.debug_abbrev   0x00000000     0x1e13
 .debug_abbrev  0x00000000       0xb9 ./cr_startup_lpc17.o
 .debug_abbrev  0x000000b9      0x1f5 ./main.o
 .debug_abbrev  0x000002ae       0xe6 C:\Users\rodri\Documents\LPCXpresso_8.2.2_650\projeto2\CMSISv2p00_LPC17xx\Debug\libCMSISv2p00_LPC17xx.a(system_LPC17xx.o)
 .debug_abbrev  0x00000394      0x14e C:\Users\rodri\Documents\LPCXpresso_8.2.2_650\projeto2\FreeRTOS_Library\Debug\libFreeRTOS_Library.a(port.o)
 .debug_abbrev  0x000004e2      0x105 C:\Users\rodri\Documents\LPCXpresso_8.2.2_650\projeto2\FreeRTOS_Library\Debug\libFreeRTOS_Library.a(basic_io.o)
 .debug_abbrev  0x000005e7       0xb4 C:\Users\rodri\Documents\LPCXpresso_8.2.2_650\projeto2\FreeRTOS_Library\Debug\libFreeRTOS_Library.a(consoleprint.o)
 .debug_abbrev  0x0000069b      0x207 C:\Users\rodri\Documents\LPCXpresso_8.2.2_650\projeto2\FreeRTOS_Library\Debug\libFreeRTOS_Library.a(queue.o)
 .debug_abbrev  0x000008a2      0x2a6 C:\Users\rodri\Documents\LPCXpresso_8.2.2_650\projeto2\FreeRTOS_Library\Debug\libFreeRTOS_Library.a(tasks.o)
 .debug_abbrev  0x00000b48      0x1cf C:\Users\rodri\Documents\LPCXpresso_8.2.2_650\projeto2\FreeRTOS_Library\Debug\libFreeRTOS_Library.a(heap_2.o)
 .debug_abbrev  0x00000d17       0xc7 C:\Users\rodri\Documents\LPCXpresso_8.2.2_650\projeto2\FreeRTOS_Library\Debug\libFreeRTOS_Library.a(list.o)
 .debug_abbrev  0x00000dde      0x1d2 C:\Users\rodri\Documents\LPCXpresso_8.2.2_650\projeto2\Lib_EaBaseBoard\Debug\libLib_EaBaseBoard.a(light.o)
 .debug_abbrev  0x00000fb0      0x201 C:\Users\rodri\Documents\LPCXpresso_8.2.2_650\projeto2\Lib_EaBaseBoard\Debug\libLib_EaBaseBoard.a(oled.o)
 .debug_abbrev  0x000011b1       0x93 C:\Users\rodri\Documents\LPCXpresso_8.2.2_650\projeto2\Lib_EaBaseBoard\Debug\libLib_EaBaseBoard.a(rgb.o)
 .debug_abbrev  0x00001244       0xa4 C:\Users\rodri\Documents\LPCXpresso_8.2.2_650\projeto2\Lib_EaBaseBoard\Debug\libLib_EaBaseBoard.a(rotary.o)
 .debug_abbrev  0x000012e8       0x48 C:\Users\rodri\Documents\LPCXpresso_8.2.2_650\projeto2\Lib_EaBaseBoard\Debug\libLib_EaBaseBoard.a(font5x7.o)
 .debug_abbrev  0x00001330      0x165 C:\Users\rodri\Documents\LPCXpresso_8.2.2_650\projeto2\Lib_MCU\Debug\libLib_MCU.a(lpc17xx_adc.o)
 .debug_abbrev  0x00001495      0x1cc C:\Users\rodri\Documents\LPCXpresso_8.2.2_650\projeto2\Lib_MCU\Debug\libLib_MCU.a(lpc17xx_clkpwr.o)
 .debug_abbrev  0x00001661      0x193 C:\Users\rodri\Documents\LPCXpresso_8.2.2_650\projeto2\Lib_MCU\Debug\libLib_MCU.a(lpc17xx_gpio.o)
 .debug_abbrev  0x000017f4      0x28b C:\Users\rodri\Documents\LPCXpresso_8.2.2_650\projeto2\Lib_MCU\Debug\libLib_MCU.a(lpc17xx_i2c.o)
 .debug_abbrev  0x00001a7f       0x6c C:\Users\rodri\Documents\LPCXpresso_8.2.2_650\projeto2\Lib_MCU\Debug\libLib_MCU.a(lpc17xx_libcfg_default.o)
 .debug_abbrev  0x00001aeb      0x12b C:\Users\rodri\Documents\LPCXpresso_8.2.2_650\projeto2\Lib_MCU\Debug\libLib_MCU.a(lpc17xx_pinsel.o)
 .debug_abbrev  0x00001c16      0x1fd C:\Users\rodri\Documents\LPCXpresso_8.2.2_650\projeto2\Lib_MCU\Debug\libLib_MCU.a(lpc17xx_ssp.o)

.debug_aranges  0x00000000      0x710
 .debug_aranges
                0x00000000       0x70 ./cr_startup_lpc17.o
 .debug_aranges
                0x00000070       0x78 ./main.o
 .debug_aranges
                0x000000e8       0x28 C:\Users\rodri\Documents\LPCXpresso_8.2.2_650\projeto2\CMSISv2p00_LPC17xx\Debug\libCMSISv2p00_LPC17xx.a(system_LPC17xx.o)
 .debug_aranges
                0x00000110       0x20 C:\Users\rodri\Documents\LPCXpresso_8.2.2_650\projeto2\FreeRTOS_Library\Debug\libFreeRTOS_Library.a(port.o)
 .debug_aranges
                0x00000130       0x20 C:\Users\rodri\Documents\LPCXpresso_8.2.2_650\projeto2\FreeRTOS_Library\Debug\libFreeRTOS_Library.a(basic_io.o)
 .debug_aranges
                0x00000150       0x20 C:\Users\rodri\Documents\LPCXpresso_8.2.2_650\projeto2\FreeRTOS_Library\Debug\libFreeRTOS_Library.a(consoleprint.o)
 .debug_aranges
                0x00000170       0x20 C:\Users\rodri\Documents\LPCXpresso_8.2.2_650\projeto2\FreeRTOS_Library\Debug\libFreeRTOS_Library.a(queue.o)
 .debug_aranges
                0x00000190       0x20 C:\Users\rodri\Documents\LPCXpresso_8.2.2_650\projeto2\FreeRTOS_Library\Debug\libFreeRTOS_Library.a(tasks.o)
 .debug_aranges
                0x000001b0       0x20 C:\Users\rodri\Documents\LPCXpresso_8.2.2_650\projeto2\FreeRTOS_Library\Debug\libFreeRTOS_Library.a(heap_2.o)
 .debug_aranges
                0x000001d0       0x20 C:\Users\rodri\Documents\LPCXpresso_8.2.2_650\projeto2\FreeRTOS_Library\Debug\libFreeRTOS_Library.a(list.o)
 .debug_aranges
                0x000001f0       0x98 C:\Users\rodri\Documents\LPCXpresso_8.2.2_650\projeto2\Lib_EaBaseBoard\Debug\libLib_EaBaseBoard.a(light.o)
 .debug_aranges
                0x00000288       0x90 C:\Users\rodri\Documents\LPCXpresso_8.2.2_650\projeto2\Lib_EaBaseBoard\Debug\libLib_EaBaseBoard.a(oled.o)
 .debug_aranges
                0x00000318       0x28 C:\Users\rodri\Documents\LPCXpresso_8.2.2_650\projeto2\Lib_EaBaseBoard\Debug\libLib_EaBaseBoard.a(rgb.o)
 .debug_aranges
                0x00000340       0x28 C:\Users\rodri\Documents\LPCXpresso_8.2.2_650\projeto2\Lib_EaBaseBoard\Debug\libLib_EaBaseBoard.a(rotary.o)
 .debug_aranges
                0x00000368       0x18 C:\Users\rodri\Documents\LPCXpresso_8.2.2_650\projeto2\Lib_EaBaseBoard\Debug\libLib_EaBaseBoard.a(font5x7.o)
 .debug_aranges
                0x00000380       0x80 C:\Users\rodri\Documents\LPCXpresso_8.2.2_650\projeto2\Lib_MCU\Debug\libLib_MCU.a(lpc17xx_adc.o)
 .debug_aranges
                0x00000400       0x58 C:\Users\rodri\Documents\LPCXpresso_8.2.2_650\projeto2\Lib_MCU\Debug\libLib_MCU.a(lpc17xx_clkpwr.o)
 .debug_aranges
                0x00000458       0xc8 C:\Users\rodri\Documents\LPCXpresso_8.2.2_650\projeto2\Lib_MCU\Debug\libLib_MCU.a(lpc17xx_gpio.o)
 .debug_aranges
                0x00000520       0xd0 C:\Users\rodri\Documents\LPCXpresso_8.2.2_650\projeto2\Lib_MCU\Debug\libLib_MCU.a(lpc17xx_i2c.o)
 .debug_aranges
                0x000005f0       0x20 C:\Users\rodri\Documents\LPCXpresso_8.2.2_650\projeto2\Lib_MCU\Debug\libLib_MCU.a(lpc17xx_libcfg_default.o)
 .debug_aranges
                0x00000610       0x48 C:\Users\rodri\Documents\LPCXpresso_8.2.2_650\projeto2\Lib_MCU\Debug\libLib_MCU.a(lpc17xx_pinsel.o)
 .debug_aranges
                0x00000658       0xb8 C:\Users\rodri\Documents\LPCXpresso_8.2.2_650\projeto2\Lib_MCU\Debug\libLib_MCU.a(lpc17xx_ssp.o)

.debug_ranges   0x00000000      0x590
 .debug_ranges  0x00000000       0x60 ./cr_startup_lpc17.o
 .debug_ranges  0x00000060       0x68 ./main.o
 .debug_ranges  0x000000c8       0x18 C:\Users\rodri\Documents\LPCXpresso_8.2.2_650\projeto2\CMSISv2p00_LPC17xx\Debug\libCMSISv2p00_LPC17xx.a(system_LPC17xx.o)
 .debug_ranges  0x000000e0       0x10 C:\Users\rodri\Documents\LPCXpresso_8.2.2_650\projeto2\FreeRTOS_Library\Debug\libFreeRTOS_Library.a(port.o)
 .debug_ranges  0x000000f0       0x48 C:\Users\rodri\Documents\LPCXpresso_8.2.2_650\projeto2\FreeRTOS_Library\Debug\libFreeRTOS_Library.a(tasks.o)
 .debug_ranges  0x00000138       0x88 C:\Users\rodri\Documents\LPCXpresso_8.2.2_650\projeto2\Lib_EaBaseBoard\Debug\libLib_EaBaseBoard.a(light.o)
 .debug_ranges  0x000001c0       0x80 C:\Users\rodri\Documents\LPCXpresso_8.2.2_650\projeto2\Lib_EaBaseBoard\Debug\libLib_EaBaseBoard.a(oled.o)
 .debug_ranges  0x00000240       0x18 C:\Users\rodri\Documents\LPCXpresso_8.2.2_650\projeto2\Lib_EaBaseBoard\Debug\libLib_EaBaseBoard.a(rgb.o)
 .debug_ranges  0x00000258       0x18 C:\Users\rodri\Documents\LPCXpresso_8.2.2_650\projeto2\Lib_EaBaseBoard\Debug\libLib_EaBaseBoard.a(rotary.o)
 .debug_ranges  0x00000270       0x70 C:\Users\rodri\Documents\LPCXpresso_8.2.2_650\projeto2\Lib_MCU\Debug\libLib_MCU.a(lpc17xx_adc.o)
 .debug_ranges  0x000002e0       0x48 C:\Users\rodri\Documents\LPCXpresso_8.2.2_650\projeto2\Lib_MCU\Debug\libLib_MCU.a(lpc17xx_clkpwr.o)
 .debug_ranges  0x00000328       0xb8 C:\Users\rodri\Documents\LPCXpresso_8.2.2_650\projeto2\Lib_MCU\Debug\libLib_MCU.a(lpc17xx_gpio.o)
 .debug_ranges  0x000003e0       0xc0 C:\Users\rodri\Documents\LPCXpresso_8.2.2_650\projeto2\Lib_MCU\Debug\libLib_MCU.a(lpc17xx_i2c.o)
 .debug_ranges  0x000004a0       0x10 C:\Users\rodri\Documents\LPCXpresso_8.2.2_650\projeto2\Lib_MCU\Debug\libLib_MCU.a(lpc17xx_libcfg_default.o)
 .debug_ranges  0x000004b0       0x38 C:\Users\rodri\Documents\LPCXpresso_8.2.2_650\projeto2\Lib_MCU\Debug\libLib_MCU.a(lpc17xx_pinsel.o)
 .debug_ranges  0x000004e8       0xa8 C:\Users\rodri\Documents\LPCXpresso_8.2.2_650\projeto2\Lib_MCU\Debug\libLib_MCU.a(lpc17xx_ssp.o)

.debug_macro    0x00000000     0x694c
 .debug_macro   0x00000000       0x52 ./cr_startup_lpc17.o
 .debug_macro   0x00000052      0x880 ./cr_startup_lpc17.o
 .debug_macro   0x000008d2       0x10 ./cr_startup_lpc17.o
 .debug_macro   0x000008e2      0x12d ./cr_startup_lpc17.o
 .debug_macro   0x00000a0f      0x5b2 ./cr_startup_lpc17.o
 .debug_macro   0x00000fc1      0x167 ./main.o
 .debug_macro   0x00001128       0x16 ./main.o
 .debug_macro   0x0000113e       0x46 ./main.o
 .debug_macro   0x00001184       0x1c ./main.o
 .debug_macro   0x000011a0       0x2e ./main.o
 .debug_macro   0x000011ce       0x18 ./main.o
 .debug_macro   0x000011e6      0x7af ./main.o
 .debug_macro   0x00001995      0x2c7 ./main.o
 .debug_macro   0x00001c5c       0xca ./main.o
 .debug_macro   0x00001d26       0xa3 ./main.o
 .debug_macro   0x00001dc9       0x12 ./main.o
 .debug_macro   0x00001ddb       0x1e ./main.o
 .debug_macro   0x00001df9      0x162 ./main.o
 .debug_macro   0x00001f5b       0x42 ./main.o
 .debug_macro   0x00001f9d       0x56 ./main.o
 .debug_macro   0x00001ff3       0x6a ./main.o
 .debug_macro   0x0000205d       0x5d ./main.o
 .debug_macro   0x000020ba      0x143 ./main.o
 .debug_macro   0x000021fd      0x192 ./main.o
 .debug_macro   0x0000238f       0x46 ./main.o
 .debug_macro   0x000023d5      0x2af ./main.o
 .debug_macro   0x00002684       0xf4 ./main.o
 .debug_macro   0x00002778       0xe9 ./main.o
 .debug_macro   0x00002861       0x16 ./main.o
 .debug_macro   0x00002877       0x1c ./main.o
 .debug_macro   0x00002893       0x1c ./main.o
 .debug_macro   0x000028af      0x12b C:\Users\rodri\Documents\LPCXpresso_8.2.2_650\projeto2\CMSISv2p00_LPC17xx\Debug\libCMSISv2p00_LPC17xx.a(system_LPC17xx.o)
 .debug_macro   0x000029da      0x886 C:\Users\rodri\Documents\LPCXpresso_8.2.2_650\projeto2\CMSISv2p00_LPC17xx\Debug\libCMSISv2p00_LPC17xx.a(system_LPC17xx.o)
 .debug_macro   0x00003260      0x12c C:\Users\rodri\Documents\LPCXpresso_8.2.2_650\projeto2\FreeRTOS_Library\Debug\libFreeRTOS_Library.a(port.o)
 .debug_macro   0x0000338c      0x874 C:\Users\rodri\Documents\LPCXpresso_8.2.2_650\projeto2\FreeRTOS_Library\Debug\libFreeRTOS_Library.a(port.o)
 .debug_macro   0x00003c00      0x10d C:\Users\rodri\Documents\LPCXpresso_8.2.2_650\projeto2\FreeRTOS_Library\Debug\libFreeRTOS_Library.a(basic_io.o)
 .debug_macro   0x00003d0d       0xa0 C:\Users\rodri\Documents\LPCXpresso_8.2.2_650\projeto2\FreeRTOS_Library\Debug\libFreeRTOS_Library.a(basic_io.o)
 .debug_macro   0x00003dad       0x10 C:\Users\rodri\Documents\LPCXpresso_8.2.2_650\projeto2\FreeRTOS_Library\Debug\libFreeRTOS_Library.a(basic_io.o)
 .debug_macro   0x00003dbd       0x5a C:\Users\rodri\Documents\LPCXpresso_8.2.2_650\projeto2\FreeRTOS_Library\Debug\libFreeRTOS_Library.a(consoleprint.o)
 .debug_macro   0x00003e17      0x170 C:\Users\rodri\Documents\LPCXpresso_8.2.2_650\projeto2\FreeRTOS_Library\Debug\libFreeRTOS_Library.a(queue.o)
 .debug_macro   0x00003f87       0x28 C:\Users\rodri\Documents\LPCXpresso_8.2.2_650\projeto2\FreeRTOS_Library\Debug\libFreeRTOS_Library.a(queue.o)
 .debug_macro   0x00003faf       0x49 C:\Users\rodri\Documents\LPCXpresso_8.2.2_650\projeto2\FreeRTOS_Library\Debug\libFreeRTOS_Library.a(queue.o)
 .debug_macro   0x00003ff8      0x179 C:\Users\rodri\Documents\LPCXpresso_8.2.2_650\projeto2\FreeRTOS_Library\Debug\libFreeRTOS_Library.a(tasks.o)
 .debug_macro   0x00004171       0x22 C:\Users\rodri\Documents\LPCXpresso_8.2.2_650\projeto2\FreeRTOS_Library\Debug\libFreeRTOS_Library.a(tasks.o)
 .debug_macro   0x00004193       0x16 C:\Users\rodri\Documents\LPCXpresso_8.2.2_650\projeto2\FreeRTOS_Library\Debug\libFreeRTOS_Library.a(tasks.o)
 .debug_macro   0x000041a9      0x11d C:\Users\rodri\Documents\LPCXpresso_8.2.2_650\projeto2\FreeRTOS_Library\Debug\libFreeRTOS_Library.a(heap_2.o)
 .debug_macro   0x000042c6       0xef C:\Users\rodri\Documents\LPCXpresso_8.2.2_650\projeto2\FreeRTOS_Library\Debug\libFreeRTOS_Library.a(list.o)
 .debug_macro   0x000043b5      0x139 C:\Users\rodri\Documents\LPCXpresso_8.2.2_650\projeto2\Lib_EaBaseBoard\Debug\libLib_EaBaseBoard.a(light.o)
 .debug_macro   0x000044ee      0x880 C:\Users\rodri\Documents\LPCXpresso_8.2.2_650\projeto2\Lib_EaBaseBoard\Debug\libLib_EaBaseBoard.a(light.o)
 .debug_macro   0x00004d6e       0x63 C:\Users\rodri\Documents\LPCXpresso_8.2.2_650\projeto2\Lib_EaBaseBoard\Debug\libLib_EaBaseBoard.a(light.o)
 .debug_macro   0x00004dd1      0x18c C:\Users\rodri\Documents\LPCXpresso_8.2.2_650\projeto2\Lib_EaBaseBoard\Debug\libLib_EaBaseBoard.a(light.o)
 .debug_macro   0x00004f5d       0xf0 C:\Users\rodri\Documents\LPCXpresso_8.2.2_650\projeto2\Lib_EaBaseBoard\Debug\libLib_EaBaseBoard.a(oled.o)
 .debug_macro   0x0000504d       0x40 C:\Users\rodri\Documents\LPCXpresso_8.2.2_650\projeto2\Lib_EaBaseBoard\Debug\libLib_EaBaseBoard.a(oled.o)
 .debug_macro   0x0000508d       0x96 C:\Users\rodri\Documents\LPCXpresso_8.2.2_650\projeto2\Lib_EaBaseBoard\Debug\libLib_EaBaseBoard.a(rgb.o)
 .debug_macro   0x00005123       0xc6 C:\Users\rodri\Documents\LPCXpresso_8.2.2_650\projeto2\Lib_EaBaseBoard\Debug\libLib_EaBaseBoard.a(rotary.o)
 .debug_macro   0x000051e9       0x1a C:\Users\rodri\Documents\LPCXpresso_8.2.2_650\projeto2\Lib_EaBaseBoard\Debug\libLib_EaBaseBoard.a(font5x7.o)
 .debug_macro   0x00005203      0x696 C:\Users\rodri\Documents\LPCXpresso_8.2.2_650\projeto2\Lib_EaBaseBoard\Debug\libLib_EaBaseBoard.a(font5x7.o)
 .debug_macro   0x00005899       0x9f C:\Users\rodri\Documents\LPCXpresso_8.2.2_650\projeto2\Lib_MCU\Debug\libLib_MCU.a(lpc17xx_adc.o)
 .debug_macro   0x00005938       0xee C:\Users\rodri\Documents\LPCXpresso_8.2.2_650\projeto2\Lib_MCU\Debug\libLib_MCU.a(lpc17xx_adc.o)
 .debug_macro   0x00005a26      0x2fe C:\Users\rodri\Documents\LPCXpresso_8.2.2_650\projeto2\Lib_MCU\Debug\libLib_MCU.a(lpc17xx_adc.o)
 .debug_macro   0x00005d24       0xcb C:\Users\rodri\Documents\LPCXpresso_8.2.2_650\projeto2\Lib_MCU\Debug\libLib_MCU.a(lpc17xx_adc.o)
 .debug_macro   0x00005def       0x8d C:\Users\rodri\Documents\LPCXpresso_8.2.2_650\projeto2\Lib_MCU\Debug\libLib_MCU.a(lpc17xx_clkpwr.o)
 .debug_macro   0x00005e7c      0x2f8 C:\Users\rodri\Documents\LPCXpresso_8.2.2_650\projeto2\Lib_MCU\Debug\libLib_MCU.a(lpc17xx_clkpwr.o)
 .debug_macro   0x00006174       0x96 C:\Users\rodri\Documents\LPCXpresso_8.2.2_650\projeto2\Lib_MCU\Debug\libLib_MCU.a(lpc17xx_gpio.o)
 .debug_macro   0x0000620a       0xa8 C:\Users\rodri\Documents\LPCXpresso_8.2.2_650\projeto2\Lib_MCU\Debug\libLib_MCU.a(lpc17xx_i2c.o)
 .debug_macro   0x000062b2      0x149 C:\Users\rodri\Documents\LPCXpresso_8.2.2_650\projeto2\Lib_MCU\Debug\libLib_MCU.a(lpc17xx_i2c.o)
 .debug_macro   0x000063fb       0x5a C:\Users\rodri\Documents\LPCXpresso_8.2.2_650\projeto2\Lib_MCU\Debug\libLib_MCU.a(lpc17xx_libcfg_default.o)
 .debug_macro   0x00006455       0x5d C:\Users\rodri\Documents\LPCXpresso_8.2.2_650\projeto2\Lib_MCU\Debug\libLib_MCU.a(lpc17xx_libcfg_default.o)
 .debug_macro   0x000064b2       0xc5 C:\Users\rodri\Documents\LPCXpresso_8.2.2_650\projeto2\Lib_MCU\Debug\libLib_MCU.a(lpc17xx_libcfg_default.o)
 .debug_macro   0x00006577       0x8d C:\Users\rodri\Documents\LPCXpresso_8.2.2_650\projeto2\Lib_MCU\Debug\libLib_MCU.a(lpc17xx_pinsel.o)
 .debug_macro   0x00006604       0x9f C:\Users\rodri\Documents\LPCXpresso_8.2.2_650\projeto2\Lib_MCU\Debug\libLib_MCU.a(lpc17xx_ssp.o)
 .debug_macro   0x000066a3      0x2a9 C:\Users\rodri\Documents\LPCXpresso_8.2.2_650\projeto2\Lib_MCU\Debug\libLib_MCU.a(lpc17xx_ssp.o)

.debug_line     0x00000000     0x4c03
 .debug_line    0x00000000      0x250 ./cr_startup_lpc17.o
 .debug_line    0x00000250      0x5cd ./main.o
 .debug_line    0x0000081d      0x1d3 C:\Users\rodri\Documents\LPCXpresso_8.2.2_650\projeto2\CMSISv2p00_LPC17xx\Debug\libCMSISv2p00_LPC17xx.a(system_LPC17xx.o)
 .debug_line    0x000009f0      0x2f3 C:\Users\rodri\Documents\LPCXpresso_8.2.2_650\projeto2\FreeRTOS_Library\Debug\libFreeRTOS_Library.a(port.o)
 .debug_line    0x00000ce3      0x2f9 C:\Users\rodri\Documents\LPCXpresso_8.2.2_650\projeto2\FreeRTOS_Library\Debug\libFreeRTOS_Library.a(basic_io.o)
 .debug_line    0x00000fdc      0x129 C:\Users\rodri\Documents\LPCXpresso_8.2.2_650\projeto2\FreeRTOS_Library\Debug\libFreeRTOS_Library.a(consoleprint.o)
 .debug_line    0x00001105      0x3f6 C:\Users\rodri\Documents\LPCXpresso_8.2.2_650\projeto2\FreeRTOS_Library\Debug\libFreeRTOS_Library.a(queue.o)
 .debug_line    0x000014fb      0x599 C:\Users\rodri\Documents\LPCXpresso_8.2.2_650\projeto2\FreeRTOS_Library\Debug\libFreeRTOS_Library.a(tasks.o)
 .debug_line    0x00001a94      0x322 C:\Users\rodri\Documents\LPCXpresso_8.2.2_650\projeto2\FreeRTOS_Library\Debug\libFreeRTOS_Library.a(heap_2.o)
 .debug_line    0x00001db6      0x2e8 C:\Users\rodri\Documents\LPCXpresso_8.2.2_650\projeto2\FreeRTOS_Library\Debug\libFreeRTOS_Library.a(list.o)
 .debug_line    0x0000209e      0x3cb C:\Users\rodri\Documents\LPCXpresso_8.2.2_650\projeto2\Lib_EaBaseBoard\Debug\libLib_EaBaseBoard.a(light.o)
 .debug_line    0x00002469      0x59d C:\Users\rodri\Documents\LPCXpresso_8.2.2_650\projeto2\Lib_EaBaseBoard\Debug\libLib_EaBaseBoard.a(oled.o)
 .debug_line    0x00002a06      0x270 C:\Users\rodri\Documents\LPCXpresso_8.2.2_650\projeto2\Lib_EaBaseBoard\Debug\libLib_EaBaseBoard.a(rgb.o)
 .debug_line    0x00002c76      0x294 C:\Users\rodri\Documents\LPCXpresso_8.2.2_650\projeto2\Lib_EaBaseBoard\Debug\libLib_EaBaseBoard.a(rotary.o)
 .debug_line    0x00002f0a       0x8c C:\Users\rodri\Documents\LPCXpresso_8.2.2_650\projeto2\Lib_EaBaseBoard\Debug\libLib_EaBaseBoard.a(font5x7.o)
 .debug_line    0x00002f96      0x41a C:\Users\rodri\Documents\LPCXpresso_8.2.2_650\projeto2\Lib_MCU\Debug\libLib_MCU.a(lpc17xx_adc.o)
 .debug_line    0x000033b0      0x2ee C:\Users\rodri\Documents\LPCXpresso_8.2.2_650\projeto2\Lib_MCU\Debug\libLib_MCU.a(lpc17xx_clkpwr.o)
 .debug_line    0x0000369e      0x42c C:\Users\rodri\Documents\LPCXpresso_8.2.2_650\projeto2\Lib_MCU\Debug\libLib_MCU.a(lpc17xx_gpio.o)
 .debug_line    0x00003aca      0x701 C:\Users\rodri\Documents\LPCXpresso_8.2.2_650\projeto2\Lib_MCU\Debug\libLib_MCU.a(lpc17xx_i2c.o)
 .debug_line    0x000041cb      0x180 C:\Users\rodri\Documents\LPCXpresso_8.2.2_650\projeto2\Lib_MCU\Debug\libLib_MCU.a(lpc17xx_libcfg_default.o)
 .debug_line    0x0000434b      0x286 C:\Users\rodri\Documents\LPCXpresso_8.2.2_650\projeto2\Lib_MCU\Debug\libLib_MCU.a(lpc17xx_pinsel.o)
 .debug_line    0x000045d1      0x632 C:\Users\rodri\Documents\LPCXpresso_8.2.2_650\projeto2\Lib_MCU\Debug\libLib_MCU.a(lpc17xx_ssp.o)

.debug_str      0x00000000    0x139e6
 .debug_str     0x00000000     0x3cd9 ./cr_startup_lpc17.o
                               0x3d6a (size before relaxing)
 .debug_str     0x00003cd9     0x9524 ./main.o
                               0xd183 (size before relaxing)
 .debug_str     0x0000d1fd      0x568 C:\Users\rodri\Documents\LPCXpresso_8.2.2_650\projeto2\CMSISv2p00_LPC17xx\Debug\libCMSISv2p00_LPC17xx.a(system_LPC17xx.o)
                               0x814a (size before relaxing)
 .debug_str     0x0000d765      0x455 C:\Users\rodri\Documents\LPCXpresso_8.2.2_650\projeto2\FreeRTOS_Library\Debug\libFreeRTOS_Library.a(port.o)
                               0x9918 (size before relaxing)
 .debug_str     0x0000dbba      0x2e5 C:\Users\rodri\Documents\LPCXpresso_8.2.2_650\projeto2\FreeRTOS_Library\Debug\libFreeRTOS_Library.a(basic_io.o)
                               0x9864 (size before relaxing)
 .debug_str     0x0000de9f       0x60 C:\Users\rodri\Documents\LPCXpresso_8.2.2_650\projeto2\FreeRTOS_Library\Debug\libFreeRTOS_Library.a(consoleprint.o)
                               0x2ca2 (size before relaxing)
 .debug_str     0x0000deff      0xce9 C:\Users\rodri\Documents\LPCXpresso_8.2.2_650\projeto2\FreeRTOS_Library\Debug\libFreeRTOS_Library.a(queue.o)
                               0xa369 (size before relaxing)
 .debug_str     0x0000ebe8      0xdab C:\Users\rodri\Documents\LPCXpresso_8.2.2_650\projeto2\FreeRTOS_Library\Debug\libFreeRTOS_Library.a(tasks.o)
                               0xa918 (size before relaxing)
 .debug_str     0x0000f993      0x442 C:\Users\rodri\Documents\LPCXpresso_8.2.2_650\projeto2\FreeRTOS_Library\Debug\libFreeRTOS_Library.a(heap_2.o)
                               0x9ac6 (size before relaxing)
 .debug_str     0x0000fdd5       0x47 C:\Users\rodri\Documents\LPCXpresso_8.2.2_650\projeto2\FreeRTOS_Library\Debug\libFreeRTOS_Library.a(list.o)
                               0x93f4 (size before relaxing)
 .debug_str     0x0000fe1c      0x604 C:\Users\rodri\Documents\LPCXpresso_8.2.2_650\projeto2\Lib_EaBaseBoard\Debug\libLib_EaBaseBoard.a(light.o)
                               0x8cfe (size before relaxing)
 .debug_str     0x00010420      0x370 C:\Users\rodri\Documents\LPCXpresso_8.2.2_650\projeto2\Lib_EaBaseBoard\Debug\libLib_EaBaseBoard.a(oled.o)
                               0x9d8a (size before relaxing)
 .debug_str     0x00010790       0x2a C:\Users\rodri\Documents\LPCXpresso_8.2.2_650\projeto2\Lib_EaBaseBoard\Debug\libLib_EaBaseBoard.a(rgb.o)
                               0x8110 (size before relaxing)
 .debug_str     0x000107ba       0x9b C:\Users\rodri\Documents\LPCXpresso_8.2.2_650\projeto2\Lib_EaBaseBoard\Debug\libLib_EaBaseBoard.a(rotary.o)
                               0x8185 (size before relaxing)
 .debug_str     0x00010855      0xe21 C:\Users\rodri\Documents\LPCXpresso_8.2.2_650\projeto2\Lib_EaBaseBoard\Debug\libLib_EaBaseBoard.a(font5x7.o)
                               0x32d1 (size before relaxing)
 .debug_str     0x00011676     0x15a2 C:\Users\rodri\Documents\LPCXpresso_8.2.2_650\projeto2\Lib_MCU\Debug\libLib_MCU.a(lpc17xx_adc.o)
                               0x9cd0 (size before relaxing)
 .debug_str     0x00012c18      0x119 C:\Users\rodri\Documents\LPCXpresso_8.2.2_650\projeto2\Lib_MCU\Debug\libLib_MCU.a(lpc17xx_clkpwr.o)
                               0x931b (size before relaxing)
 .debug_str     0x00012d31      0x33e C:\Users\rodri\Documents\LPCXpresso_8.2.2_650\projeto2\Lib_MCU\Debug\libLib_MCU.a(lpc17xx_gpio.o)
                               0x8561 (size before relaxing)
 .debug_str     0x0001306f      0x531 C:\Users\rodri\Documents\LPCXpresso_8.2.2_650\projeto2\Lib_MCU\Debug\libLib_MCU.a(lpc17xx_i2c.o)
                               0xa5fe (size before relaxing)
 .debug_str     0x000135a0       0x32 C:\Users\rodri\Documents\LPCXpresso_8.2.2_650\projeto2\Lib_MCU\Debug\libLib_MCU.a(lpc17xx_libcfg_default.o)
                               0x3f20 (size before relaxing)
 .debug_str     0x000135d2      0x214 C:\Users\rodri\Documents\LPCXpresso_8.2.2_650\projeto2\Lib_MCU\Debug\libLib_MCU.a(lpc17xx_pinsel.o)
                               0x85a5 (size before relaxing)
 .debug_str     0x000137e6      0x200 C:\Users\rodri\Documents\LPCXpresso_8.2.2_650\projeto2\Lib_MCU\Debug\libLib_MCU.a(lpc17xx_ssp.o)
                               0xa549 (size before relaxing)

.comment        0x00000000       0xdc
 .comment       0x00000000       0x6e ./cr_startup_lpc17.o
                                 0x6f (size before relaxing)
 .comment       0x0000006e       0x6f ./main.o
 .comment       0x0000006e       0x6f C:\Users\rodri\Documents\LPCXpresso_8.2.2_650\projeto2\CMSISv2p00_LPC17xx\Debug\libCMSISv2p00_LPC17xx.a(system_LPC17xx.o)
 .comment       0x0000006e       0x6f C:\Users\rodri\Documents\LPCXpresso_8.2.2_650\projeto2\FreeRTOS_Library\Debug\libFreeRTOS_Library.a(port.o)
 .comment       0x0000006e       0x6f C:\Users\rodri\Documents\LPCXpresso_8.2.2_650\projeto2\FreeRTOS_Library\Debug\libFreeRTOS_Library.a(basic_io.o)
 .comment       0x0000006e       0x6f C:\Users\rodri\Documents\LPCXpresso_8.2.2_650\projeto2\FreeRTOS_Library\Debug\libFreeRTOS_Library.a(consoleprint.o)
 .comment       0x0000006e       0x6f C:\Users\rodri\Documents\LPCXpresso_8.2.2_650\projeto2\FreeRTOS_Library\Debug\libFreeRTOS_Library.a(queue.o)
 .comment       0x0000006e       0x6f C:\Users\rodri\Documents\LPCXpresso_8.2.2_650\projeto2\FreeRTOS_Library\Debug\libFreeRTOS_Library.a(tasks.o)
 .comment       0x0000006e       0x6f C:\Users\rodri\Documents\LPCXpresso_8.2.2_650\projeto2\FreeRTOS_Library\Debug\libFreeRTOS_Library.a(heap_2.o)
 .comment       0x0000006e       0x6f C:\Users\rodri\Documents\LPCXpresso_8.2.2_650\projeto2\FreeRTOS_Library\Debug\libFreeRTOS_Library.a(list.o)
 .comment       0x0000006e       0x6f C:\Users\rodri\Documents\LPCXpresso_8.2.2_650\projeto2\Lib_EaBaseBoard\Debug\libLib_EaBaseBoard.a(light.o)
 .comment       0x0000006e       0x6f C:\Users\rodri\Documents\LPCXpresso_8.2.2_650\projeto2\Lib_EaBaseBoard\Debug\libLib_EaBaseBoard.a(oled.o)
 .comment       0x0000006e       0x6f C:\Users\rodri\Documents\LPCXpresso_8.2.2_650\projeto2\Lib_EaBaseBoard\Debug\libLib_EaBaseBoard.a(rgb.o)
 .comment       0x0000006e       0x6f C:\Users\rodri\Documents\LPCXpresso_8.2.2_650\projeto2\Lib_EaBaseBoard\Debug\libLib_EaBaseBoard.a(rotary.o)
 .comment       0x0000006e       0x6f C:\Users\rodri\Documents\LPCXpresso_8.2.2_650\projeto2\Lib_EaBaseBoard\Debug\libLib_EaBaseBoard.a(font5x7.o)
 .comment       0x0000006e       0x6f C:\Users\rodri\Documents\LPCXpresso_8.2.2_650\projeto2\Lib_MCU\Debug\libLib_MCU.a(lpc17xx_adc.o)
 .comment       0x0000006e       0x6f C:\Users\rodri\Documents\LPCXpresso_8.2.2_650\projeto2\Lib_MCU\Debug\libLib_MCU.a(lpc17xx_clkpwr.o)
 .comment       0x0000006e       0x6f C:\Users\rodri\Documents\LPCXpresso_8.2.2_650\projeto2\Lib_MCU\Debug\libLib_MCU.a(lpc17xx_gpio.o)
 .comment       0x0000006e       0x6f C:\Users\rodri\Documents\LPCXpresso_8.2.2_650\projeto2\Lib_MCU\Debug\libLib_MCU.a(lpc17xx_i2c.o)
 .comment       0x0000006e       0x6f C:\Users\rodri\Documents\LPCXpresso_8.2.2_650\projeto2\Lib_MCU\Debug\libLib_MCU.a(lpc17xx_libcfg_default.o)
 .comment       0x0000006e       0x6f C:\Users\rodri\Documents\LPCXpresso_8.2.2_650\projeto2\Lib_MCU\Debug\libLib_MCU.a(lpc17xx_pinsel.o)
 .comment       0x0000006e       0x6f C:\Users\rodri\Documents\LPCXpresso_8.2.2_650\projeto2\Lib_MCU\Debug\libLib_MCU.a(lpc17xx_ssp.o)
 .comment       0x0000006e       0x6e c:/nxp/lpcxpresso_8.2.2_650/lpcxpresso/tools/bin/../lib/gcc/arm-none-eabi/5.4.1/../../../../arm-none-eabi/lib/armv7-m\libcr_semihost.a(_cr__main.o)
                                 0x6f (size before relaxing)
 .comment       0x000000dc       0x6f c:/nxp/lpcxpresso_8.2.2_650/lpcxpresso/tools/bin/../lib/gcc/arm-none-eabi/5.4.1/../../../../arm-none-eabi/lib/armv7-m\libcr_c.a(memcpy.o)
 .comment       0x000000dc       0x6f c:/nxp/lpcxpresso_8.2.2_650/lpcxpresso/tools/bin/../lib/gcc/arm-none-eabi/5.4.1/../../../../arm-none-eabi/lib/armv7-m\libcr_c.a(memset.o)
 .comment       0x000000dc       0x6f c:/nxp/lpcxpresso_8.2.2_650/lpcxpresso/tools/bin/../lib/gcc/arm-none-eabi/5.4.1/../../../../arm-none-eabi/lib/armv7-m\libcr_c.a(fpprintf.o)
 .comment       0x000000dc       0x6f c:/nxp/lpcxpresso_8.2.2_650/lpcxpresso/tools/bin/../lib/gcc/arm-none-eabi/5.4.1/../../../../arm-none-eabi/lib/armv7-m\libcr_c.a(initio.o)
 .comment       0x000000dc       0x6f c:/nxp/lpcxpresso_8.2.2_650/lpcxpresso/tools/bin/../lib/gcc/arm-none-eabi/5.4.1/../../../../arm-none-eabi/lib/armv7-m\libcr_c.a(memcmp.o)
 .comment       0x000000dc       0x6f c:/nxp/lpcxpresso_8.2.2_650/lpcxpresso/tools/bin/../lib/gcc/arm-none-eabi/5.4.1/../../../../arm-none-eabi/lib/armv7-m\libcr_c.a(printf.o)
 .comment       0x000000dc       0x6f c:/nxp/lpcxpresso_8.2.2_650/lpcxpresso/tools/bin/../lib/gcc/arm-none-eabi/5.4.1/../../../../arm-none-eabi/lib/armv7-m\libcr_c.a(setvbuf.o)
 .comment       0x000000dc       0x6f c:/nxp/lpcxpresso_8.2.2_650/lpcxpresso/tools/bin/../lib/gcc/arm-none-eabi/5.4.1/../../../../arm-none-eabi/lib/armv7-m\libcr_c.a(stdio.o)
 .comment       0x000000dc       0x6f c:/nxp/lpcxpresso_8.2.2_650/lpcxpresso/tools/bin/../lib/gcc/arm-none-eabi/5.4.1/../../../../arm-none-eabi/lib/armv7-m\libcr_c.a(strcpy.o)
 .comment       0x000000dc       0x6f c:/nxp/lpcxpresso_8.2.2_650/lpcxpresso/tools/bin/../lib/gcc/arm-none-eabi/5.4.1/../../../../arm-none-eabi/lib/armv7-m\libcr_c.a(strlen.o)
 .comment       0x000000dc       0x6f c:/nxp/lpcxpresso_8.2.2_650/lpcxpresso/tools/bin/../lib/gcc/arm-none-eabi/5.4.1/../../../../arm-none-eabi/lib/armv7-m\libcr_c.a(strncpy.o)
 .comment       0x000000dc       0x6f c:/nxp/lpcxpresso_8.2.2_650/lpcxpresso/tools/bin/../lib/gcc/arm-none-eabi/5.4.1/../../../../arm-none-eabi/lib/armv7-m\libcr_c.a(_deferredlazyseek.o)
 .comment       0x000000dc       0x6f c:/nxp/lpcxpresso_8.2.2_650/lpcxpresso/tools/bin/../lib/gcc/arm-none-eabi/5.4.1/../../../../arm-none-eabi/lib/armv7-m\libcr_c.a(_fdopen.o)
 .comment       0x000000dc       0x6f c:/nxp/lpcxpresso_8.2.2_650/lpcxpresso/tools/bin/../lib/gcc/arm-none-eabi/5.4.1/../../../../arm-none-eabi/lib/armv7-m\libcr_c.a(_fflush.o)
 .comment       0x000000dc       0x6f c:/nxp/lpcxpresso_8.2.2_650/lpcxpresso/tools/bin/../lib/gcc/arm-none-eabi/5.4.1/../../../../arm-none-eabi/lib/armv7-m\libcr_c.a(_frexpl.o)
 .comment       0x000000dc       0x6f c:/nxp/lpcxpresso_8.2.2_650/lpcxpresso/tools/bin/../lib/gcc/arm-none-eabi/5.4.1/../../../../arm-none-eabi/lib/armv7-m\libcr_c.a(_ldexpl.o)
 .comment       0x000000dc       0x6f c:/nxp/lpcxpresso_8.2.2_650/lpcxpresso/tools/bin/../lib/gcc/arm-none-eabi/5.4.1/../../../../arm-none-eabi/lib/armv7-m\libcr_c.a(_writebuf.o)
 .comment       0x000000dc       0x6f c:/nxp/lpcxpresso_8.2.2_650/lpcxpresso/tools/bin/../lib/gcc/arm-none-eabi/5.4.1/../../../../arm-none-eabi/lib/armv7-m\libcr_c.a(alloc.o)
 .comment       0x000000dc       0x6f c:/nxp/lpcxpresso_8.2.2_650/lpcxpresso/tools/bin/../lib/gcc/arm-none-eabi/5.4.1/../../../../arm-none-eabi/lib/armv7-m\libcr_c.a(errno.o)
 .comment       0x000000dc       0x6f c:/nxp/lpcxpresso_8.2.2_650/lpcxpresso/tools/bin/../lib/gcc/arm-none-eabi/5.4.1/../../../../arm-none-eabi/lib/armv7-m\libcr_c.a(fclose.o)
 .comment       0x000000dc       0x6f c:/nxp/lpcxpresso_8.2.2_650/lpcxpresso/tools/bin/../lib/gcc/arm-none-eabi/5.4.1/../../../../arm-none-eabi/lib/armv7-m\libcr_c.a(fflush.o)
 .comment       0x000000dc       0x6f c:/nxp/lpcxpresso_8.2.2_650/lpcxpresso/tools/bin/../lib/gcc/arm-none-eabi/5.4.1/../../../../arm-none-eabi/lib/armv7-m\libcr_c.a(fseek.o)
 .comment       0x000000dc       0x6f c:/nxp/lpcxpresso_8.2.2_650/lpcxpresso/tools/bin/../lib/gcc/arm-none-eabi/5.4.1/../../../../arm-none-eabi/lib/armv7-m\libcr_c.a(ftell.o)
 .comment       0x000000dc       0x6f c:/nxp/lpcxpresso_8.2.2_650/lpcxpresso/tools/bin/../lib/gcc/arm-none-eabi/5.4.1/../../../../arm-none-eabi/lib/armv7-m\libcr_c.a(remove.o)
 .comment       0x000000dc       0x6f c:/nxp/lpcxpresso_8.2.2_650/lpcxpresso/tools/bin/../lib/gcc/arm-none-eabi/5.4.1/../../../../arm-none-eabi/lib/armv7-m\libcr_c.a(__init_alloc.o)
 .comment       0x000000dc       0x6f c:/nxp/lpcxpresso_8.2.2_650/lpcxpresso/tools/bin/../lib/gcc/arm-none-eabi/5.4.1/../../../../arm-none-eabi/lib/armv7-m\libcr_c.a(_cr_sbrk.o)
 .comment       0x000000dc       0x6f c:/nxp/lpcxpresso_8.2.2_650/lpcxpresso/tools/bin/../lib/gcc/arm-none-eabi/5.4.1/../../../../arm-none-eabi/lib/armv7-m\libcr_c.a(_do_fflush.o)
 .comment       0x000000dc       0x6f c:/nxp/lpcxpresso_8.2.2_650/lpcxpresso/tools/bin/../lib/gcc/arm-none-eabi/5.4.1/../../../../arm-none-eabi/lib/armv7-m\libcr_c.a(_hugeval.o)
 .comment       0x000000dc       0x6f c:/nxp/lpcxpresso_8.2.2_650/lpcxpresso/tools/bin/../lib/gcc/arm-none-eabi/5.4.1/../../../../arm-none-eabi/lib/armv7-m\libcr_c.a(_cr_check_heap.o)
 .comment       0x000000dc       0x6f c:/nxp/lpcxpresso_8.2.2_650/lpcxpresso/tools/bin/../lib/gcc/arm-none-eabi/5.4.1/armv7-m\libcr_eabihelpers.a(double.o)

.ARM.attributes
                0x00000000       0x31
 .ARM.attributes
                0x00000000       0x33 ./cr_startup_lpc17.o
 .ARM.attributes
                0x00000033       0x33 ./main.o
 .ARM.attributes
                0x00000066       0x33 C:\Users\rodri\Documents\LPCXpresso_8.2.2_650\projeto2\CMSISv2p00_LPC17xx\Debug\libCMSISv2p00_LPC17xx.a(system_LPC17xx.o)
 .ARM.attributes
                0x00000099       0x33 C:\Users\rodri\Documents\LPCXpresso_8.2.2_650\projeto2\FreeRTOS_Library\Debug\libFreeRTOS_Library.a(port.o)
 .ARM.attributes
                0x000000cc       0x33 C:\Users\rodri\Documents\LPCXpresso_8.2.2_650\projeto2\FreeRTOS_Library\Debug\libFreeRTOS_Library.a(basic_io.o)
 .ARM.attributes
                0x000000ff       0x33 C:\Users\rodri\Documents\LPCXpresso_8.2.2_650\projeto2\FreeRTOS_Library\Debug\libFreeRTOS_Library.a(consoleprint.o)
 .ARM.attributes
                0x00000132       0x33 C:\Users\rodri\Documents\LPCXpresso_8.2.2_650\projeto2\FreeRTOS_Library\Debug\libFreeRTOS_Library.a(queue.o)
 .ARM.attributes
                0x00000165       0x33 C:\Users\rodri\Documents\LPCXpresso_8.2.2_650\projeto2\FreeRTOS_Library\Debug\libFreeRTOS_Library.a(tasks.o)
 .ARM.attributes
                0x00000198       0x33 C:\Users\rodri\Documents\LPCXpresso_8.2.2_650\projeto2\FreeRTOS_Library\Debug\libFreeRTOS_Library.a(heap_2.o)
 .ARM.attributes
                0x000001cb       0x33 C:\Users\rodri\Documents\LPCXpresso_8.2.2_650\projeto2\FreeRTOS_Library\Debug\libFreeRTOS_Library.a(list.o)
 .ARM.attributes
                0x000001fe       0x33 C:\Users\rodri\Documents\LPCXpresso_8.2.2_650\projeto2\Lib_EaBaseBoard\Debug\libLib_EaBaseBoard.a(light.o)
 .ARM.attributes
                0x00000231       0x33 C:\Users\rodri\Documents\LPCXpresso_8.2.2_650\projeto2\Lib_EaBaseBoard\Debug\libLib_EaBaseBoard.a(oled.o)
 .ARM.attributes
                0x00000264       0x33 C:\Users\rodri\Documents\LPCXpresso_8.2.2_650\projeto2\Lib_EaBaseBoard\Debug\libLib_EaBaseBoard.a(rgb.o)
 .ARM.attributes
                0x00000297       0x33 C:\Users\rodri\Documents\LPCXpresso_8.2.2_650\projeto2\Lib_EaBaseBoard\Debug\libLib_EaBaseBoard.a(rotary.o)
 .ARM.attributes
                0x000002ca       0x33 C:\Users\rodri\Documents\LPCXpresso_8.2.2_650\projeto2\Lib_EaBaseBoard\Debug\libLib_EaBaseBoard.a(font5x7.o)
 .ARM.attributes
                0x000002fd       0x33 C:\Users\rodri\Documents\LPCXpresso_8.2.2_650\projeto2\Lib_MCU\Debug\libLib_MCU.a(lpc17xx_adc.o)
 .ARM.attributes
                0x00000330       0x33 C:\Users\rodri\Documents\LPCXpresso_8.2.2_650\projeto2\Lib_MCU\Debug\libLib_MCU.a(lpc17xx_clkpwr.o)
 .ARM.attributes
                0x00000363       0x33 C:\Users\rodri\Documents\LPCXpresso_8.2.2_650\projeto2\Lib_MCU\Debug\libLib_MCU.a(lpc17xx_gpio.o)
 .ARM.attributes
                0x00000396       0x33 C:\Users\rodri\Documents\LPCXpresso_8.2.2_650\projeto2\Lib_MCU\Debug\libLib_MCU.a(lpc17xx_i2c.o)
 .ARM.attributes
                0x000003c9       0x33 C:\Users\rodri\Documents\LPCXpresso_8.2.2_650\projeto2\Lib_MCU\Debug\libLib_MCU.a(lpc17xx_libcfg_default.o)
 .ARM.attributes
                0x000003fc       0x33 C:\Users\rodri\Documents\LPCXpresso_8.2.2_650\projeto2\Lib_MCU\Debug\libLib_MCU.a(lpc17xx_pinsel.o)
 .ARM.attributes
                0x0000042f       0x33 C:\Users\rodri\Documents\LPCXpresso_8.2.2_650\projeto2\Lib_MCU\Debug\libLib_MCU.a(lpc17xx_ssp.o)
 .ARM.attributes
                0x00000462       0x21 c:/nxp/lpcxpresso_8.2.2_650/lpcxpresso/tools/bin/../lib/gcc/arm-none-eabi/5.4.1/../../../../arm-none-eabi/lib/armv7-m\libcr_semihost.a(__sys_write.o)
 .ARM.attributes
                0x00000483       0x33 c:/nxp/lpcxpresso_8.2.2_650/lpcxpresso/tools/bin/../lib/gcc/arm-none-eabi/5.4.1/../../../../arm-none-eabi/lib/armv7-m\libcr_semihost.a(_cr__main.o)
 .ARM.attributes
                0x000004b6       0x33 c:/nxp/lpcxpresso_8.2.2_650/lpcxpresso/tools/bin/../lib/gcc/arm-none-eabi/5.4.1/../../../../arm-none-eabi/lib/armv7-m\libcr_c.a(memcpy.o)
 .ARM.attributes
                0x000004e9       0x33 c:/nxp/lpcxpresso_8.2.2_650/lpcxpresso/tools/bin/../lib/gcc/arm-none-eabi/5.4.1/../../../../arm-none-eabi/lib/armv7-m\libcr_c.a(memset.o)
 .ARM.attributes
                0x0000051c       0x33 c:/nxp/lpcxpresso_8.2.2_650/lpcxpresso/tools/bin/../lib/gcc/arm-none-eabi/5.4.1/../../../../arm-none-eabi/lib/armv7-m\libcr_c.a(fpprintf.o)
 .ARM.attributes
                0x0000054f       0x33 c:/nxp/lpcxpresso_8.2.2_650/lpcxpresso/tools/bin/../lib/gcc/arm-none-eabi/5.4.1/../../../../arm-none-eabi/lib/armv7-m\libcr_c.a(initio.o)
 .ARM.attributes
                0x00000582       0x33 c:/nxp/lpcxpresso_8.2.2_650/lpcxpresso/tools/bin/../lib/gcc/arm-none-eabi/5.4.1/../../../../arm-none-eabi/lib/armv7-m\libcr_c.a(memcmp.o)
 .ARM.attributes
                0x000005b5       0x33 c:/nxp/lpcxpresso_8.2.2_650/lpcxpresso/tools/bin/../lib/gcc/arm-none-eabi/5.4.1/../../../../arm-none-eabi/lib/armv7-m\libcr_c.a(printf.o)
 .ARM.attributes
                0x000005e8       0x33 c:/nxp/lpcxpresso_8.2.2_650/lpcxpresso/tools/bin/../lib/gcc/arm-none-eabi/5.4.1/../../../../arm-none-eabi/lib/armv7-m\libcr_c.a(setvbuf.o)
 .ARM.attributes
                0x0000061b       0x33 c:/nxp/lpcxpresso_8.2.2_650/lpcxpresso/tools/bin/../lib/gcc/arm-none-eabi/5.4.1/../../../../arm-none-eabi/lib/armv7-m\libcr_c.a(stdio.o)
 .ARM.attributes
                0x0000064e       0x33 c:/nxp/lpcxpresso_8.2.2_650/lpcxpresso/tools/bin/../lib/gcc/arm-none-eabi/5.4.1/../../../../arm-none-eabi/lib/armv7-m\libcr_c.a(strcpy.o)
 .ARM.attributes
                0x00000681       0x33 c:/nxp/lpcxpresso_8.2.2_650/lpcxpresso/tools/bin/../lib/gcc/arm-none-eabi/5.4.1/../../../../arm-none-eabi/lib/armv7-m\libcr_c.a(strlen.o)
 .ARM.attributes
                0x000006b4       0x33 c:/nxp/lpcxpresso_8.2.2_650/lpcxpresso/tools/bin/../lib/gcc/arm-none-eabi/5.4.1/../../../../arm-none-eabi/lib/armv7-m\libcr_c.a(strncpy.o)
 .ARM.attributes
                0x000006e7       0x33 c:/nxp/lpcxpresso_8.2.2_650/lpcxpresso/tools/bin/../lib/gcc/arm-none-eabi/5.4.1/../../../../arm-none-eabi/lib/armv7-m\libcr_c.a(_deferredlazyseek.o)
 .ARM.attributes
                0x0000071a       0x33 c:/nxp/lpcxpresso_8.2.2_650/lpcxpresso/tools/bin/../lib/gcc/arm-none-eabi/5.4.1/../../../../arm-none-eabi/lib/armv7-m\libcr_c.a(_fdopen.o)
 .ARM.attributes
                0x0000074d       0x33 c:/nxp/lpcxpresso_8.2.2_650/lpcxpresso/tools/bin/../lib/gcc/arm-none-eabi/5.4.1/../../../../arm-none-eabi/lib/armv7-m\libcr_c.a(_fflush.o)
 .ARM.attributes
                0x00000780       0x33 c:/nxp/lpcxpresso_8.2.2_650/lpcxpresso/tools/bin/../lib/gcc/arm-none-eabi/5.4.1/../../../../arm-none-eabi/lib/armv7-m\libcr_c.a(_frexpl.o)
 .ARM.attributes
                0x000007b3       0x33 c:/nxp/lpcxpresso_8.2.2_650/lpcxpresso/tools/bin/../lib/gcc/arm-none-eabi/5.4.1/../../../../arm-none-eabi/lib/armv7-m\libcr_c.a(_ldexpl.o)
 .ARM.attributes
                0x000007e6       0x33 c:/nxp/lpcxpresso_8.2.2_650/lpcxpresso/tools/bin/../lib/gcc/arm-none-eabi/5.4.1/../../../../arm-none-eabi/lib/armv7-m\libcr_c.a(_writebuf.o)
 .ARM.attributes
                0x00000819       0x33 c:/nxp/lpcxpresso_8.2.2_650/lpcxpresso/tools/bin/../lib/gcc/arm-none-eabi/5.4.1/../../../../arm-none-eabi/lib/armv7-m\libcr_c.a(alloc.o)
 .ARM.attributes
                0x0000084c       0x33 c:/nxp/lpcxpresso_8.2.2_650/lpcxpresso/tools/bin/../lib/gcc/arm-none-eabi/5.4.1/../../../../arm-none-eabi/lib/armv7-m\libcr_c.a(errno.o)
 .ARM.attributes
                0x0000087f       0x33 c:/nxp/lpcxpresso_8.2.2_650/lpcxpresso/tools/bin/../lib/gcc/arm-none-eabi/5.4.1/../../../../arm-none-eabi/lib/armv7-m\libcr_c.a(fclose.o)
 .ARM.attributes
                0x000008b2       0x33 c:/nxp/lpcxpresso_8.2.2_650/lpcxpresso/tools/bin/../lib/gcc/arm-none-eabi/5.4.1/../../../../arm-none-eabi/lib/armv7-m\libcr_c.a(fflush.o)
 .ARM.attributes
                0x000008e5       0x33 c:/nxp/lpcxpresso_8.2.2_650/lpcxpresso/tools/bin/../lib/gcc/arm-none-eabi/5.4.1/../../../../arm-none-eabi/lib/armv7-m\libcr_c.a(fseek.o)
 .ARM.attributes
                0x00000918       0x33 c:/nxp/lpcxpresso_8.2.2_650/lpcxpresso/tools/bin/../lib/gcc/arm-none-eabi/5.4.1/../../../../arm-none-eabi/lib/armv7-m\libcr_c.a(ftell.o)
 .ARM.attributes
                0x0000094b       0x33 c:/nxp/lpcxpresso_8.2.2_650/lpcxpresso/tools/bin/../lib/gcc/arm-none-eabi/5.4.1/../../../../arm-none-eabi/lib/armv7-m\libcr_c.a(remove.o)
 .ARM.attributes
                0x0000097e       0x33 c:/nxp/lpcxpresso_8.2.2_650/lpcxpresso/tools/bin/../lib/gcc/arm-none-eabi/5.4.1/../../../../arm-none-eabi/lib/armv7-m\libcr_c.a(__init_alloc.o)
 .ARM.attributes
                0x000009b1       0x33 c:/nxp/lpcxpresso_8.2.2_650/lpcxpresso/tools/bin/../lib/gcc/arm-none-eabi/5.4.1/../../../../arm-none-eabi/lib/armv7-m\libcr_c.a(_cr_sbrk.o)
 .ARM.attributes
                0x000009e4       0x33 c:/nxp/lpcxpresso_8.2.2_650/lpcxpresso/tools/bin/../lib/gcc/arm-none-eabi/5.4.1/../../../../arm-none-eabi/lib/armv7-m\libcr_c.a(_do_fflush.o)
 .ARM.attributes
                0x00000a17       0x33 c:/nxp/lpcxpresso_8.2.2_650/lpcxpresso/tools/bin/../lib/gcc/arm-none-eabi/5.4.1/../../../../arm-none-eabi/lib/armv7-m\libcr_c.a(_hugeval.o)
 .ARM.attributes
                0x00000a4a       0x33 c:/nxp/lpcxpresso_8.2.2_650/lpcxpresso/tools/bin/../lib/gcc/arm-none-eabi/5.4.1/../../../../arm-none-eabi/lib/armv7-m\libcr_c.a(_cr_check_heap.o)
 .ARM.attributes
                0x00000a7d       0x33 c:/nxp/lpcxpresso_8.2.2_650/lpcxpresso/tools/bin/../lib/gcc/arm-none-eabi/5.4.1/armv7-m\libcr_eabihelpers.a(double.o)
 .ARM.attributes
                0x00000ab0       0x21 c:/nxp/lpcxpresso_8.2.2_650/lpcxpresso/tools/bin/../lib/gcc/arm-none-eabi/5.4.1/armv7-m\libcr_eabihelpers.a(memcpy.o)
 .ARM.attributes
                0x00000ad1       0x21 c:/nxp/lpcxpresso_8.2.2_650/lpcxpresso/tools/bin/../lib/gcc/arm-none-eabi/5.4.1/../../../../arm-none-eabi/lib/armv7-m\libcr_semihost.a(__sys_appexit.o)
 .ARM.attributes
                0x00000af2       0x21 c:/nxp/lpcxpresso_8.2.2_650/lpcxpresso/tools/bin/../lib/gcc/arm-none-eabi/5.4.1/../../../../arm-none-eabi/lib/armv7-m\libcr_semihost.a(__sys_close.o)
 .ARM.attributes
                0x00000b13       0x21 c:/nxp/lpcxpresso_8.2.2_650/lpcxpresso/tools/bin/../lib/gcc/arm-none-eabi/5.4.1/../../../../arm-none-eabi/lib/armv7-m\libcr_semihost.a(__sys_flen.o)
 .ARM.attributes
                0x00000b34       0x21 c:/nxp/lpcxpresso_8.2.2_650/lpcxpresso/tools/bin/../lib/gcc/arm-none-eabi/5.4.1/../../../../arm-none-eabi/lib/armv7-m\libcr_semihost.a(__sys_istty.o)
 .ARM.attributes
                0x00000b55       0x21 c:/nxp/lpcxpresso_8.2.2_650/lpcxpresso/tools/bin/../lib/gcc/arm-none-eabi/5.4.1/../../../../arm-none-eabi/lib/armv7-m\libcr_semihost.a(__sys_remove.o)
 .ARM.attributes
                0x00000b76       0x21 c:/nxp/lpcxpresso_8.2.2_650/lpcxpresso/tools/bin/../lib/gcc/arm-none-eabi/5.4.1/../../../../arm-none-eabi/lib/armv7-m\libcr_semihost.a(__sys_seek.o)
 .ARM.attributes
                0x00000b97       0x21 c:/nxp/lpcxpresso_8.2.2_650/lpcxpresso/tools/bin/../lib/gcc/arm-none-eabi/5.4.1/../../../../arm-none-eabi/lib/armv7-m\libcr_semihost.a(__sys_tmpnam.o)

.debug_frame    0x00000000     0x1c8c
 .debug_frame   0x00000000      0x120 ./cr_startup_lpc17.o
 .debug_frame   0x00000120      0x19c ./main.o
 .debug_frame   0x000002bc       0x3c C:\Users\rodri\Documents\LPCXpresso_8.2.2_650\projeto2\CMSISv2p00_LPC17xx\Debug\libCMSISv2p00_LPC17xx.a(system_LPC17xx.o)
 .debug_frame   0x000002f8       0xc0 C:\Users\rodri\Documents\LPCXpresso_8.2.2_650\projeto2\FreeRTOS_Library\Debug\libFreeRTOS_Library.a(port.o)
 .debug_frame   0x000003b8       0x48 C:\Users\rodri\Documents\LPCXpresso_8.2.2_650\projeto2\FreeRTOS_Library\Debug\libFreeRTOS_Library.a(basic_io.o)
 .debug_frame   0x00000400       0x28 C:\Users\rodri\Documents\LPCXpresso_8.2.2_650\projeto2\FreeRTOS_Library\Debug\libFreeRTOS_Library.a(consoleprint.o)
 .debug_frame   0x00000428      0x1bc C:\Users\rodri\Documents\LPCXpresso_8.2.2_650\projeto2\FreeRTOS_Library\Debug\libFreeRTOS_Library.a(queue.o)